Archive member included because of file (symbol)

C:\fehqt\Proteus/EWL/lib/armv7e-m\libm.a(w_atan2.o)
                              ..\main.o (atan2)
C:\fehqt\Proteus/EWL/lib/armv7e-m\libm.a(w_sqrtf.o)
                              ..\main.o (sqrtf)
C:\fehqt\Proteus/EWL/lib/armv7e-m\libm.a(e_atan2.o)
                              C:\fehqt\Proteus/EWL/lib/armv7e-m\libm.a(w_atan2.o) (__ieee754_atan2)
C:\fehqt\Proteus/EWL/lib/armv7e-m\libm.a(e_sqrtf.o)
                              C:\fehqt\Proteus/EWL/lib/armv7e-m\libm.a(w_sqrtf.o) (__ieee754_sqrtf)
C:\fehqt\Proteus/EWL/lib/armv7e-m\libm.a(s_atan.o)
                              C:\fehqt\Proteus/EWL/lib/armv7e-m\libm.a(e_atan2.o) (atan)
C:\fehqt\Proteus/EWL/lib/armv7e-m\libc.a(errno.o)
                              C:\fehqt\Proteus/EWL/lib/armv7e-m\libm.a(e_atan2.o) (errno)
C:\fehqt\Proteus/EWL/lib/armv7e-m\libc.a(sprintf.o)
                              Libraries\FEHLCD.o (sprintf)
C:\fehqt\Proteus/EWL/lib/armv7e-m\libc.a(vsnprintf.o)
                              C:\fehqt\Proteus/EWL/lib/armv7e-m\libc.a(sprintf.o) (vsnprintf)
C:\fehqt\Proteus/EWL/lib/armv7e-m\libc.a(exit.o)
                              Startup\__arm_start.o (exit)
C:\fehqt\Proteus/EWL/lib/armv7e-m\libc.a(memcpy.o)
                              C:\fehqt\Proteus/EWL/lib/armv7e-m\libc.a(vsnprintf.o) (memcpy)
C:\fehqt\Proteus/EWL/lib/armv7e-m\libc.a(memset.o)
                              ..\main.o (memset)
C:\fehqt\Proteus/EWL/lib/armv7e-m\libc.a(strcmp.o)
                              Libraries\FEHLCD.o (strcmp)
C:\fehqt\Proteus/EWL/lib/armv7e-m\libc.a(strcpy.o)
                              Libraries\FEHLCD.o (strcpy)
C:\fehqt\Proteus/EWL/lib/armv7e-m\libc.a(strlen.o)
                              Libraries\FEHLCD.o (strlen)
C:\fehqt\Proteus/EWL/lib/armv7e-m\libc.a(printformat_.o)
                              (__pformatter_)
C:\fehqt\Proteus/EWL/lib/armv7e-m\libc.a(scanformat_.o)
                              (__sformatter)
C:\fehqt\Proteus/EWL/lib/armv7e-m\libc.a(ctype_aeabi.o)
                              C:\fehqt\Proteus/EWL/lib/armv7e-m\libc.a(scanformat_.o) (isspace)
C:\fehqt\Proteus/EWL/lib/armv7e-m\libc.a(__strtoul.o)
                              C:\fehqt\Proteus/EWL/lib/armv7e-m\libc.a(scanformat_.o) (__strtoul)
C:\fehqt\Proteus/EWL/lib/armv7e-m\libc.a(__filll_mem.o)
                              C:\fehqt\Proteus/EWL/lib/armv7e-m\libc.a(memset.o) (__fill_mem)
C:\fehqt\Proteus/EWL/lib/armv7e-m\libc.a(memchr.o)
                              C:\fehqt\Proteus/EWL/lib/armv7e-m\libc.a(printformat_.o) (memchr)
C:\fehqt\Proteus/EWL/lib/armv7e-m\libc.a(strchr.o)
                              C:\fehqt\Proteus/EWL/lib/armv7e-m\libc.a(printformat_.o) (strchr)
c:/fehqt/proteus/gcc/bin/../lib/gcc/arm-none-eabi/4.6.2/armv7e-m\libgcc.a(_arm_addsubdf3.o)
                              ..\main.o (__aeabi_dsub)
c:/fehqt/proteus/gcc/bin/../lib/gcc/arm-none-eabi/4.6.2/armv7e-m\libgcc.a(_arm_muldivdf3.o)
                              ..\main.o (__aeabi_dmul)
c:/fehqt/proteus/gcc/bin/../lib/gcc/arm-none-eabi/4.6.2/armv7e-m\libgcc.a(_arm_cmpdf2.o)
                              ..\main.o (__aeabi_dcmplt)
c:/fehqt/proteus/gcc/bin/../lib/gcc/arm-none-eabi/4.6.2/armv7e-m\libgcc.a(_arm_fixdfsi.o)
                              Libraries\FEHMotor.o (__aeabi_d2iz)
c:/fehqt/proteus/gcc/bin/../lib/gcc/arm-none-eabi/4.6.2/armv7e-m\libgcc.a(_arm_fixunsdfsi.o)
                              Libraries\FEHUtility.o (__aeabi_d2uiz)
c:/fehqt/proteus/gcc/bin/../lib/gcc/arm-none-eabi/4.6.2/armv7e-m\libgcc.a(_arm_truncdfsf2.o)
                              ..\main.o (__aeabi_d2f)
c:/fehqt/proteus/gcc/bin/../lib/gcc/arm-none-eabi/4.6.2/armv7e-m\libgcc.a(_arm_addsubsf3.o)
                              ..\main.o (__aeabi_fsub)
c:/fehqt/proteus/gcc/bin/../lib/gcc/arm-none-eabi/4.6.2/armv7e-m\libgcc.a(_arm_muldivsf3.o)
                              ..\main.o (__aeabi_fmul)
c:/fehqt/proteus/gcc/bin/../lib/gcc/arm-none-eabi/4.6.2/armv7e-m\libgcc.a(_arm_cmpsf2.o)
                              Libraries\FEHServo.o (__aeabi_fcmpeq)
c:/fehqt/proteus/gcc/bin/../lib/gcc/arm-none-eabi/4.6.2/armv7e-m\libgcc.a(_arm_fixsfsi.o)
                              Libraries\FEHLCD.o (__aeabi_f2iz)
c:/fehqt/proteus/gcc/bin/../lib/gcc/arm-none-eabi/4.6.2/armv7e-m\libgcc.a(_arm_fixunssfsi.o)
                              Drivers\mcg.o (__aeabi_f2uiz)
C:\fehqt\Proteus/EWL/lib/armv7e-m\librt.a(gcc_ctor_dtor.o)
                              Startup\__arm_start.o (__init_cpp)
C:\fehqt\Proteus/EWL/lib/armv7e-m\librt.a(ROMCopy.o)
                              Startup\__arm_start.o (__copy_rom_sections_to_ram)
C:\fehqt\Proteus/EWL/lib/armv7e-m\librt.a(__arm_eabi_init.o)
                              C:\fehqt\Proteus/EWL/lib/armv7e-m\libc.a(exit.o) (__destroy_global_chain)
C:\fehqt\Proteus/EWL/lib/armv7e-m\librt.a(New.o)
                              Libraries\FEHIO.o (operator new(unsigned int))
[...]
Memory Configuration

Name             Origin             Length             Attributes
m_interrupts     0x0000c000         0x00000400         xr
m_cfmprotrom     0x0000c400         0x00000010         xr
m_text           0x0000c410         0x00073bf0         xr
m_data           0x1fff0400         0x0000fc00         xrw
m_data2          0x20000000         0x00010000         xrw
*default*        0x00000000         0xffffffff

Linker script and memory map

LOAD ..\main.o
LOAD Startup\__arm_start.o
LOAD Startup\__arm_end.o
LOAD Startup\kinetis_sysinit.o
LOAD Libraries\FEHMotor.o
LOAD Drivers\mcg.o
LOAD Drivers\i2c.o
LOAD Drivers\spi.o
LOAD Drivers\uart.o
LOAD Drivers\ff.o
LOAD Drivers\SDHC.o
LOAD Drivers\lptmr.o
LOAD FEHProteus.o
LOAD Drivers\FEHPropeller.o
LOAD Libraries\FEHUtility.o
LOAD Libraries\FEHIO.o
LOAD Drivers\adc16.o
LOAD Libraries\FEHBuzzer.o
LOAD Libraries\FEHServo.o
LOAD Libraries\FEHLCD.o
LOAD Libraries\FEHAccel.o
LOAD Libraries\FEHBattery.o
LOAD Drivers\FEHXBee.o
LOAD Libraries\FEHRPS.o
LOAD Libraries\FEHSD.o
                0x00018944                __pformatter = __pformatter_
                [0x00018d3c]                __sformatter = __sformatter
LOAD C:\fehqt\Proteus/EWL/lib/armv7e-m\libstdc++.a
LOAD C:\fehqt\Proteus/EWL/lib/armv7e-m\libm.a
START GROUP
LOAD C:\fehqt\Proteus/EWL/lib/armv7e-m\libc.a
LOAD C:\fehqt\Proteus/EWL/lib/armv7e-m\libc++.a
LOAD C:\fehqt\Proteus/EWL/lib/armv7e-m\libm.a
LOAD c:/fehqt/proteus/gcc/bin/../lib/gcc/arm-none-eabi/4.6.2/armv7e-m\libgcc.a
LOAD C:\fehqt\Proteus/EWL/lib/armv7e-m\librt.a
LOAD c:/fehqt/proteus/gcc/bin/../lib/gcc/arm-none-eabi/4.6.2/../../../../arm-none-eabi/lib/armv7e-m\libsupc++.a
END GROUP
                0x20000000                _estack = 0x20000000
                0x20000000                __SP_INIT = _estack
                0x00000800                __heap_size = 0x800
                0x00000800                __stack_size = 0x800

.interrupts     0x0000c000      0x1e0
                0x0000c000                __vector_table = .
                0x0000c000                . = ALIGN (0x4)
 *(.vectortable)
 .vectortable   0x0000c000      0x1e0 Startup\kinetis_sysinit.o
                0x0000c1e0                . = ALIGN (0x4)

.cfmprotect     0x0000c400        0x0
                0x0000c400                . = ALIGN (0x4)
 *(.cfmconfig)
                0x0000c400                . = ALIGN (0x4)

.text           0x0000c410     0xdcfc
                0x0000c410                . = ALIGN (0x4)
 *(.text)
 .text          0x0000c410      0x370 c:/fehqt/proteus/gcc/bin/../lib/gcc/arm-none-eabi/4.6.2/armv7e-m\libgcc.a(_arm_addsubdf3.o)
                0x0000c410                __aeabi_drsub
                0x0000c418                __aeabi_dsub
                0x0000c418                __subdf3
                0x0000c41c                __aeabi_dadd
                0x0000c41c                __adddf3
                0x0000c694                __floatunsidf
                0x0000c694                __aeabi_ui2d
                0x0000c6b4                __floatsidf
                0x0000c6b4                __aeabi_i2d
                0x0000c6d8                __aeabi_f2d
                0x0000c6d8                __extendsfdf2
                0x0000c714                __floatundidf
                0x0000c714                __aeabi_ul2d
                0x0000c724                __floatdidf
                0x0000c724                __aeabi_l2d
 .text          0x0000c780      0x424 c:/fehqt/proteus/gcc/bin/../lib/gcc/arm-none-eabi/4.6.2/armv7e-m\libgcc.a(_arm_muldivdf3.o)
                0x0000c780                __aeabi_dmul
                0x0000c780                __muldf3
                0x0000c9d4                __divdf3
                0x0000c9d4                __aeabi_ddiv
 .text          0x0000cba4      0x110 c:/fehqt/proteus/gcc/bin/../lib/gcc/arm-none-eabi/4.6.2/armv7e-m\libgcc.a(_arm_cmpdf2.o)
                0x0000cba4                __gtdf2
                0x0000cba4                __gedf2
                0x0000cbac                __ltdf2
                0x0000cbac                __ledf2
                0x0000cbb4                __nedf2
                0x0000cbb4                __eqdf2
                0x0000cbb4                __cmpdf2
                0x0000cc30                __aeabi_cdrcmple
                0x0000cc40                __aeabi_cdcmpeq
                0x0000cc40                __aeabi_cdcmple
                0x0000cc50                __aeabi_dcmpeq
                0x0000cc64                __aeabi_dcmplt
                0x0000cc78                __aeabi_dcmple
                0x0000cc8c                __aeabi_dcmpge
                0x0000cca0                __aeabi_dcmpgt
 .text          0x0000ccb4       0x50 c:/fehqt/proteus/gcc/bin/../lib/gcc/arm-none-eabi/4.6.2/armv7e-m\libgcc.a(_arm_fixdfsi.o)
                0x0000ccb4                __aeabi_d2iz
                0x0000ccb4                __fixdfsi
 .text          0x0000cd04       0x40 c:/fehqt/proteus/gcc/bin/../lib/gcc/arm-none-eabi/4.6.2/armv7e-m\libgcc.a(_arm_fixunsdfsi.o)
                0x0000cd04                __aeabi_d2uiz
                0x0000cd04                __fixunsdfsi
 .text          0x0000cd44       0xa0 c:/fehqt/proteus/gcc/bin/../lib/gcc/arm-none-eabi/4.6.2/armv7e-m\libgcc.a(_arm_truncdfsf2.o)
                0x0000cd44                __truncdfsf2
                0x0000cd44                __aeabi_d2f
 .text          0x0000cde4      0x21c c:/fehqt/proteus/gcc/bin/../lib/gcc/arm-none-eabi/4.6.2/armv7e-m\libgcc.a(_arm_addsubsf3.o)
                0x0000cde4                __aeabi_frsub
                0x0000cdec                __subsf3
                0x0000cdec                __aeabi_fsub
                0x0000cdf0                __aeabi_fadd
                0x0000cdf0                __addsf3
                0x0000cf50                __aeabi_ui2f
                0x0000cf50                __floatunsisf
                0x0000cf58                __aeabi_i2f
                0x0000cf58                __floatsisf
                0x0000cf74                __aeabi_ul2f
                0x0000cf74                __floatundisf
                0x0000cf84                __aeabi_l2f
                0x0000cf84                __floatdisf
 .text          0x0000d000      0x2a0 c:/fehqt/proteus/gcc/bin/../lib/gcc/arm-none-eabi/4.6.2/armv7e-m\libgcc.a(_arm_muldivsf3.o)
                0x0000d000                __mulsf3
                0x0000d000                __aeabi_fmul
                0x0000d168                __aeabi_fdiv
                0x0000d168                __divsf3
 .text          0x0000d2a0       0xec c:/fehqt/proteus/gcc/bin/../lib/gcc/arm-none-eabi/4.6.2/armv7e-m\libgcc.a(_arm_cmpsf2.o)
                0x0000d2a0                __gesf2
                0x0000d2a0                __gtsf2
                0x0000d2a8                __lesf2
                0x0000d2a8                __ltsf2
                0x0000d2b0                __nesf2
                0x0000d2b0                __eqsf2
                0x0000d2b0                __cmpsf2
                0x0000d310                __aeabi_cfrcmple
                0x0000d318                __aeabi_cfcmpeq
                0x0000d318                __aeabi_cfcmple
                0x0000d328                __aeabi_fcmpeq
                0x0000d33c                __aeabi_fcmplt
                0x0000d350                __aeabi_fcmple
                0x0000d364                __aeabi_fcmpge
                0x0000d378                __aeabi_fcmpgt
 .text          0x0000d38c       0x4c c:/fehqt/proteus/gcc/bin/../lib/gcc/arm-none-eabi/4.6.2/armv7e-m\libgcc.a(_arm_fixsfsi.o)
                0x0000d38c                __aeabi_f2iz
                0x0000d38c                __fixsfsi
 *(.text*)
 .text._ZSt4sqrtf
                0x0000d3d8       0x1c ..\main.o
                0x0000d3d8                std::sqrt(float)
 .text._ZSt3absf
                0x0000d3f4       0x1c ..\main.o
                0x0000d3f4                std::abs(float)
 .text.main     0x0000d410       0x30 ..\main.o
                0x0000d410                main
 .text._Z11displayMenuv
                0x0000d440      0x7c8 ..\main.o
                0x0000d440                displayMenu()
 .text._Z9run_finalv
                0x0000dc08      0x968 ..\main.o
                0x0000dc08                run_final()
 .text._Z6test_1v
                0x0000e570       0xb4 ..\main.o
                0x0000e570                test_1()
 *fill*         0x0000e624        0x4 00
 .text._Z20follow_straight_linei
                0x0000e628      0x3d0 ..\main.o
                0x0000e628                follow_straight_line(int)
 .text._Z14encoderForwardii
                0x0000e9f8      0x148 ..\main.o
                0x0000e9f8                encoderForward(int, int)
 .text._Z14encoderForwardiii
                0x0000eb40      0x148 ..\main.o
                0x0000eb40                encoderForward(int, int, int)
 .text._Z18encoderForwardWalliiid
                0x0000ec88      0x1ac ..\main.o
                0x0000ec88                encoderForwardWall(int, int, int, double)
 .text._Z15encoderLeftTurnii
                0x0000ee34       0xb0 ..\main.o
                0x0000ee34                encoderLeftTurn(int, int)
 .text._Z16encoderRightTurnii
                0x0000eee4       0xd8 ..\main.o
                0x0000eee4                encoderRightTurn(int, int)
 .text._Z11leftTurnRPSff
                0x0000efbc      0x174 ..\main.o
                0x0000efbc                leftTurnRPS(float, float)
 .text._Z12rightTurnRPSff
                0x0000f130      0x178 ..\main.o
                0x0000f130                rightTurnRPS(float, float)
 .text._Z7turnRPSff
                0x0000f2a8      0x1a8 ..\main.o
                0x0000f2a8                turnRPS(float, float)
 .text._Z9RPSMoveTofff
                0x0000f450      0x194 ..\main.o
                0x0000f450                RPSMoveTo(float, float, float)
 *fill*         0x0000f5e4        0x4 00
 .text._Z15RPSPointTowardsffi
                0x0000f5e8       0xd8 ..\main.o
                0x0000f5e8                RPSPointTowards(float, float, int)
 .text._Z12waitForLightv
                0x0000f6c0       0x3c ..\main.o
                0x0000f6c0                waitForLight()
 *fill*         0x0000f6fc        0x4 00
 .text._Z12displayColorv
                0x0000f700      0x138 ..\main.o
                0x0000f700                displayColor()
 .text._Z11getColorCDSv
                0x0000f838       0xa8 ..\main.o
                0x0000f838                getColorCDS()
 .text._Z41__static_initialization_and_destruction_0ii
                0x0000f8e0       0xd0 ..\main.o
 .text._GLOBAL__sub_I_rightOpto
                0x0000f9b0       0x14 ..\main.o
 .text.zero_fill_bss
                0x0000f9c4       0x34 Startup\__arm_start.o
 .text.__thumb_startup
                0x0000f9f8       0x34 Startup\__arm_start.o
                0x0000f9f8                __thumb_startup
 .text.InitFEHProteus
                0x0000fa2c      0x15c Startup\__arm_start.o
                0x0000fa2c                InitFEHProteus
 .text.pll_init_bl
                0x0000fb88      0x130 Startup\__arm_start.o
 .text.InitPowerButton
                0x0000fcb8       0x90 Startup\__arm_start.o
                0x0000fcb8                InitPowerButton
 .text._ExitProcess
                0x0000fd48        0xc Startup\__arm_end.o
                0x0000fd48                _ExitProcess
 .text.Default_Handler
                0x0000fd54        0xc Startup\kinetis_sysinit.o
                0x0000fd54                BusFault_Handler()
                0x0000fd54                HardFault_Handler()
                0x0000fd54                SysTick_Handler()
                0x0000fd54                PendSV_Handler()
                0x0000fd54                DebugMonitor_Handler()
                0x0000fd54                MemManage_Handler()
                0x0000fd54                NMI_Handler()
                0x0000fd54                SVC_Handler()
                0x0000fd54                Default_Handler
                0x0000fd54                UsageFault_Handler()
 .text.__init_hardware
                0x0000fd60       0x44 Startup\kinetis_sysinit.o
                0x0000fd60                __init_hardware
 .text._Z8PortDISRv
                0x0000fda4       0x64 Startup\kinetis_sysinit.o
                0x0000fda4                PortDISR()
 .text._ZN8FEHMotorC2ENS_12FEHMotorPortEf
                0x0000fe08       0xb0 Libraries\FEHMotor.o
                0x0000fe08                FEHMotor::FEHMotor(FEHMotor::FEHMotorPort, float)
                0x0000fe08                FEHMotor::FEHMotor(FEHMotor::FEHMotorPort, float)
 .text._ZN8FEHMotor4StopEv
                0x0000feb8       0x3c Libraries\FEHMotor.o
                0x0000feb8                FEHMotor::Stop()
 .text._ZN8FEHMotor8SetPowerEi
                0x0000fef4       0x60 Libraries\FEHMotor.o
                0x0000fef4                FEHMotor::SetPower(int)
 *fill*         0x0000ff54        0x4 00
 .text._ZN8FEHMotor10SetPercentEf
                0x0000ff58      0x158 Libraries\FEHMotor.o
                0x0000ff58                FEHMotor::SetPercent(float)
 .text._Z21IIC_StartTransmissionhh
                0x000100b0       0x98 Drivers\i2c.o
                0x000100b0                IIC_StartTransmission(unsigned char, unsigned char)
 .text._Z5Pausev
                0x00010148       0x34 Drivers\i2c.o
                0x00010148                Pause()
 .text._Z21MMA8451QWriteRegisterhh
                0x0001017c      0x12c Drivers\i2c.o
                0x0001017c                MMA8451QWriteRegister(unsigned char, unsigned char)
 .text._Z12SPI_SendCharh
                0x000102a8       0x1c Drivers\spi.o
                0x000102a8                SPI_SendChar(unsigned char)
 .text._Z16SPI_WriteCommandhh
                0x000102c4       0x34 Drivers\spi.o
                0x000102c4                SPI_WriteCommand(unsigned char, unsigned char)
 .text._Z11SPI_GetCharv
                0x000102f8       0x14 Drivers\spi.o
                0x000102f8                SPI_GetChar()
 .text._Z15SPI_ReadCommandh
                0x0001030c       0x3c Drivers\spi.o
                0x0001030c                SPI_ReadCommand(unsigned char)
 .text._Z13SPI_CS_Assertv
                0x00010348       0x24 Drivers\spi.o
                0x00010348                SPI_CS_Assert()
 .text._Z15SPI_CS_Deassertv
                0x0001036c       0x24 Drivers\spi.o
                0x0001036c                SPI_CS_Deassert()
 .text._Z12SPI_Transferh
                0x00010390       0x88 Drivers\spi.o
                0x00010390                SPI_Transfer(unsigned char)
 .text._Z8SPI_Initv
                0x00010418       0xe8 Drivers\spi.o
                0x00010418                SPI_Init()
 .text._Z9uart_initPV11UART_MemMapii
                0x00010500      0x20c Drivers\uart.o
                0x00010500                uart_init(UART_MemMap volatile*, int, int)
 .text._Z12uart_getcharPV11UART_MemMap
                0x0001070c       0x34 Drivers\uart.o
                0x0001070c                uart_getchar(UART_MemMap volatile*)
 .text._Z12uart_putcharPV11UART_MemMapc
                0x00010740       0x38 Drivers\uart.o
                0x00010740                uart_putchar(UART_MemMap volatile*, char)
 .text._ZL7mem_setPvij
                0x00010778       0x44 Drivers\ff.o
 .text._ZL11move_windowP5FATFSm
                0x000107bc       0xf0 Drivers\ff.o
 .text._ZL4syncP5FATFS
                0x000108ac      0x188 Drivers\ff.o
 .text._ZL8validateP5FATFSt
                0x00010a34       0x54 Drivers\ff.o
 .text._Z6f_syncP3FIL
                0x00010a88      0x1c0 Drivers\ff.o
                0x00010a88                f_sync(FIL*)
 .text._Z7f_closeP3FIL
                0x00010c48       0x2c Drivers\ff.o
                0x00010c48                f_close(FIL*)
 .text._ZL17SDHC_set_baudratemm
                0x00010c74      0x14c Drivers\SDHC.o
 .text._Z9SDHC_initP17esdhc_info_structPK17esdhc_init_struct
                0x00010dc0      0x1c4 Drivers\SDHC.o
                0x00010dc0                SDHC_init(esdhc_info_struct*, esdhc_init_struct const*)
 .text._ZL15SDHC_is_runningv
                0x00010f84       0x28 Drivers\SDHC.o
 .text._ZL16SDHC_status_waitm
                0x00010fac       0x38 Drivers\SDHC.o
 .text._ZL17SDHC_send_commandP20esdhc_command_struct
                0x00010fe4      0x2a0 Drivers\SDHC.o
 .text._Z10SDHC_ioctlmPv
                0x00011284      0x978 Drivers\SDHC.o
                0x00011284                SDHC_ioctl(unsigned long, void*)
 .text._ZL14rcvr_datablockPhm
                0x00011bfc      0x134 Drivers\SDHC.o
 .text._Z9disk_readhPhmh
                0x00011d30      0x13c Drivers\SDHC.o
                0x00011d30                disk_read(unsigned char, unsigned char*, unsigned long, unsigned char)
 .text._ZL14xmit_datablockPKhm
                0x00011e6c       0xe0 Drivers\SDHC.o
 .text._Z10disk_writehPKhmh
                0x00011f4c      0x1cc Drivers\SDHC.o
                0x00011f4c                disk_write(unsigned char, unsigned char const*, unsigned long, unsigned char)
 .text._Z10disk_ioctlhhPv
                0x00012118      0x128 Drivers\SDHC.o
                0x00012118                disk_ioctl(unsigned char, unsigned char, void*)
 .text._Z11disk_statush
                0x00012240       0x30 Drivers\SDHC.o
                0x00012240                disk_status(unsigned char)
 .text._Z13time_delay_msm
                0x00012270       0xa4 Drivers\lptmr.o
                0x00012270                time_delay_ms(unsigned long)
 .text._Z41__static_initialization_and_destruction_0ii
                0x00012314       0x30 FEHProteus.o
 .text._GLOBAL__sub_I_Propeller
                0x00012344       0x14 FEHProteus.o
 .text._ZN12FEHPropellerC2Ev
                0x00012358       0x20 Drivers\FEHPropeller.o
                0x00012358                FEHPropeller::FEHPropeller()
                0x00012358                FEHPropeller::FEHPropeller()
 .text._ZN12FEHPropeller10InitializeEv
                0x00012378       0x94 Drivers\FEHPropeller.o
                0x00012378                FEHPropeller::Initialize()
 .text._ZN12FEHPropeller12SetMotorRateEhhh
                0x0001240c       0x78 Drivers\FEHPropeller.o
                0x0001240c                FEHPropeller::SetMotorRate(unsigned char, unsigned char, unsigned char)
 .text._ZL5Delaymjj
                0x00012484       0xc4 Libraries\FEHUtility.o
 .text._Z5Sleepi
                0x00012548       0x34 Libraries\FEHUtility.o
                0x00012548                Sleep(int)
 *fill*         0x0001257c        0x4 00
 .text._Z5Sleepd
                0x00012580       0x58 Libraries\FEHUtility.o
                0x00012580                Sleep(double)
 .text._Z7TimeNowv
                0x000125d8       0x70 Libraries\FEHUtility.o
                0x000125d8                TimeNow()
 .text._Z11TimeNowMSecv
                0x00012648       0x44 Libraries\FEHUtility.o
                0x00012648                TimeNowMSec()
 .text._ZN14DigitalEncoderC2EN5FEHIO8FEHIOPinE
                0x0001268c       0x2c Libraries\FEHIO.o
                0x0001268c                DigitalEncoder::DigitalEncoder(FEHIO::FEHIOPin)
                0x0001268c                DigitalEncoder::DigitalEncoder(FEHIO::FEHIOPin)
 .text._Z10enable_irqi
                0x000126b8      0x1cc Libraries\FEHIO.o
                0x000126b8                enable_irq(int)
 .text._ZN14DigitalEncoder10InitializeEN5FEHIO8FEHIOPinENS0_21FEHIOInterruptTriggerE
                0x00012884      0x224 Libraries\FEHIO.o
                0x00012884                DigitalEncoder::Initialize(FEHIO::FEHIOPin, FEHIO::FEHIOInterruptTrigger)
 .text._Z9portB_isrv
                0x00012aa8       0xd4 Libraries\FEHIO.o
                0x00012aa8                portB_isr()
 .text._Z9portC_isrv
                0x00012b7c       0xd8 Libraries\FEHIO.o
                0x00012b7c                portC_isr()
 .text._Z9portA_isrv
                0x00012c54       0xd8 Libraries\FEHIO.o
                0x00012c54                portA_isr()
 .text._Z9portE_isrv
                0x00012d2c       0xd0 Libraries\FEHIO.o
                0x00012d2c                portE_isr()
 .text._ZN14DigitalEncoder6CountsEv
                0x00012dfc       0x28 Libraries\FEHIO.o
                0x00012dfc                DigitalEncoder::Counts()
 .text._ZN14DigitalEncoder11ResetCountsEv
                0x00012e24       0x28 Libraries\FEHIO.o
                0x00012e24                DigitalEncoder::ResetCounts()
 .text._ZN14AnalogInputPinC2EN5FEHIO8FEHIOPinE
                0x00012e4c       0x20 Libraries\FEHIO.o
                0x00012e4c                AnalogInputPin::AnalogInputPin(FEHIO::FEHIOPin)
                0x00012e4c                AnalogInputPin::AnalogInputPin(FEHIO::FEHIOPin)
 *fill*         0x00012e6c        0x4 00
 .text._ZN14AnalogInputPin5ValueEv
                0x00012e70      0x180 Libraries\FEHIO.o
                0x00012e70                AnalogInputPin::Value()
 .text._ZN13AnalogEncoder12EncoderValueEv
                0x00012ff0       0xe4 Libraries\FEHIO.o
                0x00012ff0                AnalogEncoder::EncoderValue()
 .text._ZN14AnalogInputPin8InitADCsEv
                0x000130d4      0x120 Libraries\FEHIO.o
                0x000130d4                AnalogInputPin::InitADCs()
 .text._Z8pit0_isrv
                0x000131f4       0x34 Libraries\FEHIO.o
                0x000131f4                pit0_isr()
 .text._ZN13AnalogEncoder4InitEv
                0x00013228       0x64 Libraries\FEHIO.o
                0x00013228                AnalogEncoder::Init()
 .text._ZN13AnalogEncoder14SetCounterInitEj
                0x0001328c       0x20 Libraries\FEHIO.o
                0x0001328c                AnalogEncoder::SetCounterInit(unsigned int)
 .text._ZN13AnalogEncoder10ProcessIntEv
                0x000132ac       0x80 Libraries\FEHIO.o
                0x000132ac                AnalogEncoder::ProcessInt()
 .text._ZN13AnalogEncoder14ProcessIntSelfEv
                0x0001332c       0x80 Libraries\FEHIO.o
                0x0001332c                AnalogEncoder::ProcessIntSelf()
 .text._Z7ADC_CalPV10ADC_MemMap
                0x000133ac      0x14c Drivers\adc16.o
                0x000133ac                ADC_Cal(ADC_MemMap volatile*)
 .text._Z14ADC_Config_AltPV10ADC_MemMapP7adc_cfg
                0x000134f8       0x6c Drivers\adc16.o
                0x000134f8                ADC_Config_Alt(ADC_MemMap volatile*, adc_cfg*)
 .text._ZN9FEHBuzzerC2Ev
                0x00013564       0x18 Libraries\FEHBuzzer.o
                0x00013564                FEHBuzzer::FEHBuzzer()
                0x00013564                FEHBuzzer::FEHBuzzer()
 .text._Z41__static_initialization_and_destruction_0ii
                0x0001357c       0x30 Libraries\FEHBuzzer.o
 .text._GLOBAL__sub_I_Buzzer
                0x000135ac       0x14 Libraries\FEHBuzzer.o
 .text._ZN8FEHServoC2ENS_12FEHServoPortE
                0x000135c0       0x3c Libraries\FEHServo.o
                0x000135c0                FEHServo::FEHServo(FEHServo::FEHServoPort)
                0x000135c0                FEHServo::FEHServo(FEHServo::FEHServoPort)
 .text._ZN8FEHServo6SetMinEi
                0x000135fc       0x3c Libraries\FEHServo.o
                0x000135fc                FEHServo::SetMin(int)
 .text._ZN8FEHServo6SetMaxEi
                0x00013638       0x3c Libraries\FEHServo.o
                0x00013638                FEHServo::SetMax(int)
 *fill*         0x00013674        0x4 00
 .text._ZN8FEHServo9SetDegreeEf
                0x00013678      0x148 Libraries\FEHServo.o
                0x00013678                FEHServo::SetDegree(float)
 .text._ZN6FEHLCD11_InitializeEv
                0x000137c0      0x5dc Libraries\FEHLCD.o
                0x000137c0                FEHLCD::_Initialize()
 .text._ZN6FEHLCDC2Ev
                0x00013d9c       0x64 Libraries\FEHLCD.o
                0x00013d9c                FEHLCD::FEHLCD()
                0x00013d9c                FEHLCD::FEHLCD()
 .text._ZN6FEHLCD10InitializeEv
                0x00013e00       0x38 Libraries\FEHLCD.o
                0x00013e00                FEHLCD::Initialize()
 .text._ZN6FEHLCD10PrintImageEii
                0x00013e38      0x100 Libraries\FEHLCD.o
                0x00013e38                FEHLCD::PrintImage(int, int)
 .text._ZN6FEHLCD9PrintLogoEii
                0x00013f38      0x100 Libraries\FEHLCD.o
                0x00013f38                FEHLCD::PrintLogo(int, int)
 .text._ZN6FEHLCD22ConvertFEHColorTo24BitENS_11FEHLCDColorE
                0x00014038       0x80 Libraries\FEHLCD.o
                0x00014038                FEHLCD::ConvertFEHColorTo24Bit(FEHLCD::FEHLCDColor)
 .text._ZN6FEHLCD24Convert24BitColorTo16BitEj
                0x000140b8       0x40 Libraries\FEHLCD.o
                0x000140b8                FEHLCD::Convert24BitColorTo16Bit(unsigned int)
 .text._ZN6FEHLCD22ConvertRGBColorTo16BitEhhh
                0x000140f8       0x44 Libraries\FEHLCD.o
                0x000140f8                FEHLCD::ConvertRGBColorTo16Bit(unsigned char, unsigned char, unsigned char)
 .text._ZN6FEHLCD5ClearENS_11FEHLCDColorE
                0x0001413c       0x28 Libraries\FEHLCD.o
                0x0001413c                FEHLCD::Clear(FEHLCD::FEHLCDColor)
 .text._ZN6FEHLCD5ClearEj
                0x00014164       0x2c Libraries\FEHLCD.o
                0x00014164                FEHLCD::Clear(unsigned int)
 .text._ZN6FEHLCD5ClearEv
                0x00014190       0x18 Libraries\FEHLCD.o
                0x00014190                FEHLCD::Clear()
 .text._ZN6FEHLCD18SetBackgroundColorENS_11FEHLCDColorE
                0x000141a8       0x28 Libraries\FEHLCD.o
                0x000141a8                FEHLCD::SetBackgroundColor(FEHLCD::FEHLCDColor)
 .text._ZN6FEHLCD18SetBackgroundColorEj
                0x000141d0       0x28 Libraries\FEHLCD.o
                0x000141d0                FEHLCD::SetBackgroundColor(unsigned int)
 .text._ZN6FEHLCD12SetFontColorENS_11FEHLCDColorE
                0x000141f8       0x28 Libraries\FEHLCD.o
                0x000141f8                FEHLCD::SetFontColor(FEHLCD::FEHLCDColor)
 .text._ZN6FEHLCD12SetFontColorEj
                0x00014220       0x28 Libraries\FEHLCD.o
                0x00014220                FEHLCD::SetFontColor(unsigned int)
 .text._ZN6FEHLCD7WriteAtEPKcii
                0x00014248       0x58 Libraries\FEHLCD.o
                0x00014248                FEHLCD::WriteAt(char const*, int, int)
 .text._ZN6FEHLCD7WriteAtEiii
                0x000142a0       0x3c Libraries\FEHLCD.o
                0x000142a0                FEHLCD::WriteAt(int, int, int)
 .text._ZN6FEHLCD7WriteAtEfii
                0x000142dc       0xf8 Libraries\FEHLCD.o
                0x000142dc                FEHLCD::WriteAt(float, int, int)
 .text._ZN6FEHLCD7WriteAtEdii
                0x000143d4       0x2c Libraries\FEHLCD.o
                0x000143d4                FEHLCD::WriteAt(double, int, int)
 .text._ZN6FEHLCD11TS_SPI_InitEv
                0x00014400       0xa8 Libraries\FEHLCD.o
                0x00014400                FEHLCD::TS_SPI_Init()
 .text._ZN6FEHLCD5TouchEPfS0_
                0x000144a8      0x240 Libraries\FEHLCD.o
                0x000144a8                FEHLCD::Touch(float*, float*)
 .text._ZN6FEHLCD3absEi
                0x000146e8       0x28 Libraries\FEHLCD.o
                0x000146e8                FEHLCD::abs(int)
 .text._ZN6FEHLCD7WriteRCEPKcii
                0x00014710       0x40 Libraries\FEHLCD.o
                0x00014710                FEHLCD::WriteRC(char const*, int, int)
 .text._ZN6FEHLCD7WriteRCEiii
                0x00014750       0x40 Libraries\FEHLCD.o
                0x00014750                FEHLCD::WriteRC(int, int, int)
 .text._ZN6FEHLCD7WriteRCEfii
                0x00014790       0x40 Libraries\FEHLCD.o
                0x00014790                FEHLCD::WriteRC(float, int, int)
 .text._ZN6FEHLCD7WriteRCEdii
                0x000147d0       0x44 Libraries\FEHLCD.o
                0x000147d0                FEHLCD::WriteRC(double, int, int)
 .text._ZN6FEHLCD5WriteEPKc
                0x00014814       0x5c Libraries\FEHLCD.o
                0x00014814                FEHLCD::Write(char const*)
 .text._ZN6FEHLCD5WriteEc
                0x00014870       0x30 Libraries\FEHLCD.o
                0x00014870                FEHLCD::Write(char)
 .text._ZN6FEHLCD9WriteLineEPKc
                0x000148a0       0x28 Libraries\FEHLCD.o
                0x000148a0                FEHLCD::WriteLine(char const*)
 .text._ZN6FEHLCD9WriteLineEc
                0x000148c8       0x2c Libraries\FEHLCD.o
                0x000148c8                FEHLCD::WriteLine(char)
 .text._ZN6FEHLCD10WriteIndexEh
                0x000148f4      0x288 Libraries\FEHLCD.o
                0x000148f4                FEHLCD::WriteIndex(unsigned char)
 .text._ZN6FEHLCD14WriteParameterEh
                0x00014b7c      0x254 Libraries\FEHLCD.o
                0x00014b7c                FEHLCD::WriteParameter(unsigned char)
 .text._ZN6FEHLCD6_ClearEv
                0x00014dd0      0x228 Libraries\FEHLCD.o
                0x00014dd0                FEHLCD::_Clear()
 .text._ZN6FEHLCD8NextLineEv
                0x00014ff8       0x30 Libraries\FEHLCD.o
                0x00014ff8                FEHLCD::NextLine()
 .text._ZN6FEHLCD9CheckLineEv
                0x00015028       0x2c Libraries\FEHLCD.o
                0x00015028                FEHLCD::CheckLine()
 .text._ZN6FEHLCD8NextCharEv
                0x00015054       0x34 Libraries\FEHLCD.o
                0x00015054                FEHLCD::NextChar()
 .text._ZN6FEHLCD9DrawPixelEii
                0x00015088       0x30 Libraries\FEHLCD.o
                0x00015088                FEHLCD::DrawPixel(int, int)
 .text._Z4SwapRiS_
                0x000150b8       0x28 Libraries\FEHLCD.o
                0x000150b8                Swap(int&, int&)
 .text._ZN6FEHLCD13DrawRectangleEiiii
                0x000150e0       0x80 Libraries\FEHLCD.o
                0x000150e0                FEHLCD::DrawRectangle(int, int, int, int)
 .text._ZN6FEHLCD13SetDrawRegionEiiii
                0x00015160      0x10c Libraries\FEHLCD.o
                0x00015160                FEHLCD::SetDrawRegion(int, int, int, int)
 .text._ZN6FEHLCD8DrawLineEiiii
                0x0001526c      0x17c Libraries\FEHLCD.o
                0x0001526c                FEHLCD::DrawLine(int, int, int, int)
 .text._ZN6FEHLCD9WriteCharEiic
                0x000153e8       0x40 Libraries\FEHLCD.o
                0x000153e8                FEHLCD::WriteChar(int, int, char)
 .text._ZN6FEHLCD11WriteCharAtEiic
                0x00015428      0x278 Libraries\FEHLCD.o
                0x00015428                FEHLCD::WriteCharAt(int, int, char)
 .text._ZN6FEHLCD11RepeatColorEv
                0x000156a0       0xbc Libraries\FEHLCD.o
                0x000156a0                FEHLCD::RepeatColor()
 .text._ZN6FEHLCD10_ForePixelEv
                0x0001575c      0x160 Libraries\FEHLCD.o
                0x0001575c                FEHLCD::_ForePixel()
 .text._ZN6FEHLCD10_BackPixelEv
                0x000158bc      0x160 Libraries\FEHLCD.o
                0x000158bc                FEHLCD::_BackPixel()
 .text._ZN6FEHLCD22SetRegisterColorValuesEv
                0x00015a1c      0x4c0 Libraries\FEHLCD.o
                0x00015a1c                FEHLCD::SetRegisterColorValues()
 .text._ZN7FEHIcon4IconC2Ev
                0x00015edc       0x18 Libraries\FEHLCD.o
                0x00015edc                FEHIcon::Icon::Icon()
                0x00015edc                FEHIcon::Icon::Icon()
 .text._ZN7FEHIcon4Icon13SetPropertiesEPciiiijj
                0x00015ef4       0x70 Libraries\FEHLCD.o
                0x00015ef4                FEHIcon::Icon::SetProperties(char*, int, int, int, int, unsigned int, unsigned int)
 .text._ZN7FEHIcon4Icon4DrawEv
                0x00015f64       0xb0 Libraries\FEHLCD.o
                0x00015f64                FEHIcon::Icon::Draw()
 .text._ZN7FEHIcon4Icon6SelectEv
                0x00016014       0xb8 Libraries\FEHLCD.o
                0x00016014                FEHIcon::Icon::Select()
 .text._ZN7FEHIcon4Icon8DeselectEv
                0x000160cc       0xb4 Libraries\FEHLCD.o
                0x000160cc                FEHIcon::Icon::Deselect()
 .text._ZN7FEHIcon4Icon7PressedEffi
                0x00016180      0x1dc Libraries\FEHLCD.o
                0x00016180                FEHIcon::Icon::Pressed(float, float, int)
 .text._ZN7FEHIcon4Icon12WhilePressedEff
                0x0001635c       0x5c Libraries\FEHLCD.o
                0x0001635c                FEHIcon::Icon::WhilePressed(float, float)
 .text._ZN7FEHIcon13DrawIconArrayEPNS_4IconEiiiiiiPA20_cjj
                0x000163b8      0x194 Libraries\FEHLCD.o
                0x000163b8                FEHIcon::DrawIconArray(FEHIcon::Icon*, int, int, int, int, int, int, char (*) [20], unsigned int, unsigned int)
 .text._Z41__static_initialization_and_destruction_0ii
                0x0001654c       0x30 Libraries\FEHLCD.o
 .text._GLOBAL__sub_I_image
                0x0001657c       0x14 Libraries\FEHLCD.o
 .text._ZN8FEHAccelC2Ev
                0x00016590       0x8c Libraries\FEHAccel.o
                0x00016590                FEHAccel::FEHAccel()
                0x00016590                FEHAccel::FEHAccel()
 .text._Z41__static_initialization_and_destruction_0ii
                0x0001661c       0x30 Libraries\FEHAccel.o
 .text._GLOBAL__sub_I_Accel
                0x0001664c       0x14 Libraries\FEHAccel.o
 .text._ZN10FEHBatteryC2EN5FEHIO8FEHIOPinE
                0x00016660       0x24 Libraries\FEHBattery.o
                0x00016660                FEHBattery::FEHBattery(FEHIO::FEHIOPin)
                0x00016660                FEHBattery::FEHBattery(FEHIO::FEHIOPin)
 .text._Z41__static_initialization_and_destruction_0ii
                0x00016684       0x34 Libraries\FEHBattery.o
 .text._GLOBAL__sub_I_Battery
                0x000166b8       0x14 Libraries\FEHBattery.o
 .text._ZN7FEHXBeeC2Ev
                0x000166cc       0x20 Drivers\FEHXBee.o
                0x000166cc                FEHXBee::FEHXBee()
                0x000166cc                FEHXBee::FEHXBee()
 .text._ZN7FEHXBee10InitializeEv
                0x000166ec      0x148 Drivers\FEHXBee.o
                0x000166ec                FEHXBee::Initialize()
 .text._ZN7FEHXBee13IsInitializedEv
                0x00016834       0x18 Drivers\FEHXBee.o
                0x00016834                FEHXBee::IsInitialized()
 .text._ZN7FEHXBee17ReceiveDataSearchEPcjh
                0x0001684c       0xb4 Drivers\FEHXBee.o
                0x0001684c                FEHXBee::ReceiveDataSearch(char*, unsigned int, unsigned char)
 .text._ZN7FEHXBee8SendDataEPcj
                0x00016900       0x50 Drivers\FEHXBee.o
                0x00016900                FEHXBee::SendData(char*, unsigned int)
 .text._ZN7FEHXBee17SetPacketCallBackEPFvPhhE
                0x00016950       0x20 Drivers\FEHXBee.o
                0x00016950                FEHXBee::SetPacketCallBack(void (*)(unsigned char*, unsigned char))
 .text._Z9UART0_ISRv
                0x00016970      0x174 Drivers\FEHXBee.o
                0x00016970                UART0_ISR()
 .text._ZN6FEHRPSC2Ev
                0x00016ae4       0x88 Libraries\FEHRPS.o
                0x00016ae4                FEHRPS::FEHRPS()
                0x00016ae4                FEHRPS::FEHRPS()
 .text._ZN6FEHRPS10InitializeEi
                0x00016b6c      0x8b4 Libraries\FEHRPS.o
                0x00016b6c                FEHRPS::Initialize(int)
 .text._ZN6FEHRPS10InitializeEc
                0x00017420       0x4c Libraries\FEHRPS.o
                0x00017420                FEHRPS::Initialize(char)
 .text._ZN6FEHRPS19InitializeTouchMenuEv
                0x0001746c      0x908 Libraries\FEHRPS.o
                0x0001746c                FEHRPS::InitializeTouchMenu()
 .text._ZN6FEHRPS19CurrentRegionLetterEv
                0x00017d74       0x20 Libraries\FEHRPS.o
                0x00017d74                FEHRPS::CurrentRegionLetter()
 .text._ZN6FEHRPS16SatellitePercentEv
                0x00017d94       0x20 Libraries\FEHRPS.o
                0x00017d94                FEHRPS::SatellitePercent()
 .text._ZN6FEHRPS13WaitForPacketEv
                0x00017db4       0x78 Libraries\FEHRPS.o
                0x00017db4                FEHRPS::WaitForPacket()
 .text._ZN6FEHRPS1XEv
                0x00017e2c       0x20 Libraries\FEHRPS.o
                0x00017e2c                FEHRPS::X()
 .text._ZN6FEHRPS1YEv
                0x00017e4c       0x20 Libraries\FEHRPS.o
                0x00017e4c                FEHRPS::Y()
 .text._ZN6FEHRPS7HeadingEv
                0x00017e6c       0x20 Libraries\FEHRPS.o
                0x00017e6c                FEHRPS::Heading()
 .text._Z14RPSDataProcessPhh
                0x00017e8c      0x18c Libraries\FEHRPS.o
                0x00017e8c                RPSDataProcess(unsigned char*, unsigned char)
 .text._Z41__static_initialization_and_destruction_0ii
                0x00018018       0x30 Libraries\FEHRPS.o
 .text._GLOBAL__sub_I_RPS
                0x00018048       0x14 Libraries\FEHRPS.o
 .text._ZN5FEHSDC2Ev
                0x0001805c       0x24 Libraries\FEHSD.o
                0x0001805c                FEHSD::FEHSD()
                0x0001805c                FEHSD::FEHSD()
 .text._ZN5FEHSD8CloseLogEv
                0x00018080       0x38 Libraries\FEHSD.o
                0x00018080                FEHSD::CloseLog()
 .text._Z41__static_initialization_and_destruction_0ii
                0x000180b8       0x30 Libraries\FEHSD.o
 .text._GLOBAL__sub_I_SD
                0x000180e8       0x14 Libraries\FEHSD.o
 .text.atan2    0x000180fc        0x4 C:\fehqt\Proteus/EWL/lib/armv7e-m\libm.a(w_atan2.o)
                0x000180fc                atan2
 .text.sqrtf    0x00018100        0x4 C:\fehqt\Proteus/EWL/lib/armv7e-m\libm.a(w_sqrtf.o)
                0x00018100                sqrtf
 *fill*         0x00018104        0x4 00
 .text.__ieee754_atan2
                0x00018108      0x1b8 C:\fehqt\Proteus/EWL/lib/armv7e-m\libm.a(e_atan2.o)
                0x00018108                __ieee754_atan2
 .text.__ieee754_sqrtf
                0x000182c0       0xb0 C:\fehqt\Proteus/EWL/lib/armv7e-m\libm.a(e_sqrtf.o)
                0x000182c0                __ieee754_sqrtf
 .text.atan     0x00018370      0x348 C:\fehqt\Proteus/EWL/lib/armv7e-m\libm.a(s_atan.o)
                0x00018370                atan
 .text.sprintf  0x000186b8       0x1c C:\fehqt\Proteus/EWL/lib/armv7e-m\libc.a(sprintf.o)
                0x000186b8                sprintf
 .text.__StringWrite
                0x000186d4       0x28 C:\fehqt\Proteus/EWL/lib/armv7e-m\libc.a(vsnprintf.o)
                0x000186d4                __StringWrite
 .text.vsnprintf
                0x000186fc       0x34 C:\fehqt\Proteus/EWL/lib/armv7e-m\libc.a(vsnprintf.o)
                0x000186fc                vsnprintf
 .text.exit     0x00018730       0x38 C:\fehqt\Proteus/EWL/lib/armv7e-m\libc.a(exit.o)
                0x00018730                exit
 .text.memcpy   0x00018768       0x12 C:\fehqt\Proteus/EWL/lib/armv7e-m\libc.a(memcpy.o)
                0x00018768                memcpy
 .text.memset   0x0001877a        0xc C:\fehqt\Proteus/EWL/lib/armv7e-m\libc.a(memset.o)
                0x0001877a                memset
 .text.strcpy   0x00018786       0x18 C:\fehqt\Proteus/EWL/lib/armv7e-m\libc.a(strcpy.o)
                0x00018786                strcpy
 .text.strlen   0x0001879e       0x10 C:\fehqt\Proteus/EWL/lib/armv7e-m\libc.a(strlen.o)
                0x0001879e                strlen
 .text.long2str.isra.0
                0x000187ae      0x196 C:\fehqt\Proteus/EWL/lib/armv7e-m\libc.a(printformat_.o)
 .text.__pformatter_
                0x00018944      0x3f8 C:\fehqt\Proteus/EWL/lib/armv7e-m\libc.a(printformat_.o)
                0x00018944                __pformatter_
 .text.__sformatter
                0x00018d3c      0x74e C:\fehqt\Proteus/EWL/lib/armv7e-m\libc.a(scanformat_.o)
                0x00018d3c                __sformatter
 *fill*         0x0001948a        0x2 00
 .text.isalpha  0x0001948c       0x1c C:\fehqt\Proteus/EWL/lib/armv7e-m\libc.a(ctype_aeabi.o)
                0x0001948c                isalpha
 .text.isspace  0x000194a8       0x1c C:\fehqt\Proteus/EWL/lib/armv7e-m\libc.a(ctype_aeabi.o)
                0x000194a8                isspace
 .text.toupper  0x000194c4        0xc C:\fehqt\Proteus/EWL/lib/armv7e-m\libc.a(ctype_aeabi.o)
                0x000194c4                toupper
 .text.__strtoul
                0x000194d0      0x1dc C:\fehqt\Proteus/EWL/lib/armv7e-m\libc.a(__strtoul.o)
                0x000194d0                __strtoul
 .text.__fill_mem
                0x000196ac       0x76 C:\fehqt\Proteus/EWL/lib/armv7e-m\libc.a(__filll_mem.o)
                0x000196ac                __fill_mem
 .text.memchr   0x00019722       0x1a C:\fehqt\Proteus/EWL/lib/armv7e-m\libc.a(memchr.o)
                0x00019722                memchr
 .text.strchr   0x0001973c       0x1c C:\fehqt\Proteus/EWL/lib/armv7e-m\libc.a(strchr.o)
                0x0001973c                strchr
 .text.__init_cpp
                0x00019758       0x4c C:\fehqt\Proteus/EWL/lib/armv7e-m\librt.a(gcc_ctor_dtor.o)
                0x00019758                __init_cpp
 .text.__fini_cpp
                0x000197a4       0x34 C:\fehqt\Proteus/EWL/lib/armv7e-m\librt.a(gcc_ctor_dtor.o)
                0x000197a4                __fini_cpp
 .text.__copy_rom_section
                0x000197d8       0x44 C:\fehqt\Proteus/EWL/lib/armv7e-m\librt.a(ROMCopy.o)
                0x000197d8                __copy_rom_section
 .text.__copy_rom_sections_to_ram
                0x0001981c       0x34 C:\fehqt\Proteus/EWL/lib/armv7e-m\librt.a(ROMCopy.o)
                0x0001981c                __copy_rom_sections_to_ram
 .text.__destroy_global_chain
                0x00019850       0x1c C:\fehqt\Proteus/EWL/lib/armv7e-m\librt.a(__arm_eabi_init.o)
                0x00019850                __destroy_global_chain
 .text.__init_registers
                0x0001986c       0x20 C:\fehqt\Proteus/EWL/lib/armv7e-m\librt.a(__arm_eabi_init.o)
                0x0001986c                __init_registers
 .text.__init_user
                0x0001988c        0x4 C:\fehqt\Proteus/EWL/lib/armv7e-m\librt.a(__arm_eabi_init.o)
                0x0001988c                __init_user
 *(.rodata)
 .rodata        0x00019890      0x214 ..\main.o
 .rodata        0x00019aa4       0x78 Libraries\FEHIO.o
 .rodata        0x00019b1c       0x34 Libraries\FEHLCD.o
 .rodata        0x00019b50      0x220 Libraries\FEHRPS.o
 *(.rodata*)
 .rodata.K60_SDHC0_init
                0x00019d70        0xc Drivers\SDHC.o
                0x00019d70                K60_SDHC0_init
 .rodata._ZL21ESDHC_COMMAND_XFERTYP
                0x00019d7c      0x100 Drivers\SDHC.o
 .rodata._ZL9GPIOPorts
                0x00019e7c       0x20 Libraries\FEHIO.o
 .rodata._ZL10ADCNumbers
                0x00019e9c       0x24 Libraries\FEHIO.o
 .rodata._ZL14GPIOPinNumbers
                0x00019ec0       0x80 Libraries\FEHIO.o
 .rodata._ZL16AnalogPinNumbers
                0x00019f40       0x84 Libraries\FEHIO.o
 *fill*         0x00019fc4        0x4 00
 .rodata.atanlo
                0x00019fc8       0x20 C:\fehqt\Proteus/EWL/lib/armv7e-m\libm.a(s_atan.o)
 .rodata.atanhi
                0x00019fe8       0x20 C:\fehqt\Proteus/EWL/lib/armv7e-m\libm.a(s_atan.o)
 .rodata.str1.1
                0x0001a008        0x1 C:\fehqt\Proteus/EWL/lib/armv7e-m\libc.a(printformat_.o)
 .rodata.__aeabi_ctype_table_C
                0x0001a009      0x101 C:\fehqt\Proteus/EWL/lib/armv7e-m\libc.a(ctype_aeabi.o)
                0x0001a009                __aeabi_ctype_table_C
 *(.glue_7)
 .glue_7        0x00000000        0x0 linker stubs
 *(.glue_7t)
 .glue_7t       0x00000000        0x0 linker stubs
 *(.eh_frame)
 *(.init)
 *(.fini)
                0x0001a10c                . = ALIGN (0x4)
 *fill*         0x0001a10a        0x2 00
                0x0001a10c                _etext = .

.vfp11_veneer   0x0001a10c        0x0
 .vfp11_veneer  0x00000000        0x0 linker stubs

.v4_bx          0x0001a10c        0x0
 .v4_bx         0x00000000        0x0 linker stubs

.ARM.extab
 *(.ARM.extab* .gnu.linkonce.armextab.*)

.ARM            0x0001a10c        0x0
                0x0001a10c                __exidx_start = .
 *(.ARM.exidx*)
                0x0001a10c                __exidx_end = .

.ctors          0x0001a10c        0x0
                0x0001a10c                __CTOR_LIST__ = .
 *crtbegin.o(.ctors)
 *(EXCLUDE_FILE(*crtend.o) .ctors)
 *(SORT(.ctors.*))
 *(.ctors)
                0x0001a10c                __CTOR_END__ = .

.dtors          0x0001a10c        0x0
                0x0001a10c                __DTOR_LIST__ = .
 *crtbegin.o(.dtors)
 *(EXCLUDE_FILE(*crtend.o) .dtors)
 *(SORT(.dtors.*))
 *(.dtors)
                0x0001a10c                __DTOR_END__ = .

.preinit_array  0x0001a10c        0x0
                0x0001a10c                PROVIDE (__preinit_array_start, .)
 *(.preinit_array*)
                0x0001a10c                PROVIDE (__preinit_array_end, .)

.init_array     0x0001a10c       0x20
                0x0001a10c                PROVIDE (__init_array_start, .)
 *(SORT(.init_array.*))
 *(.init_array*)
 .init_array    0x0001a10c        0x4 ..\main.o
 .init_array    0x0001a110        0x4 FEHProteus.o
 .init_array    0x0001a114        0x4 Libraries\FEHBuzzer.o
 .init_array    0x0001a118        0x4 Libraries\FEHLCD.o
 .init_array    0x0001a11c        0x4 Libraries\FEHAccel.o
 .init_array    0x0001a120        0x4 Libraries\FEHBattery.o
 .init_array    0x0001a124        0x4 Libraries\FEHRPS.o
 .init_array    0x0001a128        0x4 Libraries\FEHSD.o
                0x0001a12c                PROVIDE (__init_array_end, .)

.fini_array     0x0001a12c        0x0
                0x0001a12c                PROVIDE (__fini_array_start, .)
 *(SORT(.fini_array.*))
 *(.fini_array*)
                0x0001a12c                PROVIDE (__fini_array_end, .)
                0x0001a12c                ___ROM_AT = .

.data           0x1fff0400      0xd1c load address 0x0001a12c
                0x1fff0400                . = ALIGN (0x4)
                0x1fff0400                _sdata = .
 *(.data)
 *(.data*)
 .data._ZL4Stat
                0x1fff0400        0x1 Drivers\SDHC.o
 *fill*         0x1fff0401        0x3 00
 .data.image    0x1fff0404      0x750 Libraries\FEHLCD.o
                0x1fff0404                image
 .data.logo     0x1fff0b54      0x3e8 Libraries\FEHLCD.o
                0x1fff0b54                logo
 .data._ZN6FEHLCD8fontDataE
                0x1fff0f3c      0x1e0 Libraries\FEHLCD.o
                0x1fff0f3c                FEHLCD::fontData
                0x1fff111c                . = ALIGN (0x4)
                0x1fff111c                _edata = .
                0x00000d1c                ___data_size = (_edata - _sdata)
                0x0001ae48                ___m_data2_ROMStart = (___ROM_AT + SIZEOF (.data))

.user_data2     0x20000000        0x0 load address 0x0001ae48
                0x20000000                . = ALIGN (0x4)
                0x20000000                ___m_data2_RAMStart = .
 *(.data2)
                0x20000000                ___m_data2_RAMEnd = .
                0x20000000                . = ALIGN (0x4)
                0x00000000                ___m_data2_ROMSize = (___m_data2_RAMEnd - ___m_data2_RAMStart)
                0x20000000                . = ALIGN (0x4)

.bss            0x1fff111c      0x5f0 load address 0x0001ae48
                0x1fff111c                __START_BSS = .
                0x1fff111c                PROVIDE (__bss_start__, __START_BSS)
 *(.bss)
 *(.bss*)
 .bss.rightOpto
                0x1fff111c        0x4 ..\main.o
                0x1fff111c                rightOpto
 .bss.centerOpto
                0x1fff1120        0x4 ..\main.o
                0x1fff1120                centerOpto
 .bss.leftOpto  0x1fff1124        0x4 ..\main.o
                0x1fff1124                leftOpto
 .bss.leftMotor
                0x1fff1128        0x8 ..\main.o
                0x1fff1128                leftMotor
 .bss.rightMotor
                0x1fff1130        0x8 ..\main.o
                0x1fff1130                rightMotor
 .bss.rollServo
                0x1fff1138        0x8 ..\main.o
                0x1fff1138                rollServo
 .bss.leftEncoder
                0x1fff1140        0x4 ..\main.o
                0x1fff1140                leftEncoder
 .bss.rightEncoder
                0x1fff1144        0x4 ..\main.o
                0x1fff1144                rightEncoder
 .bss.cdsCell   0x1fff1148        0x4 ..\main.o
                0x1fff1148                cdsCell
 .bss.yawServo  0x1fff114c        0xc ..\main.o
                0x1fff114c                yawServo
 .bss._ZL4argv  0x1fff1158        0x4 Startup\__arm_start.o
 .bss.MasterTransmission
                0x1fff115c        0x1 Drivers\i2c.o
                0x1fff115c                MasterTransmission
 .bss.SlaveID   0x1fff115d        0x1 Drivers\i2c.o
                0x1fff115d                SlaveID
 *fill*         0x1fff115e        0x2 00
 .bss.SDHC_Card
                0x1fff1160       0x14 Drivers\SDHC.o
                0x1fff1160                SDHC_Card
 .bss.SDHC_Info
                0x1fff1174      0x204 Drivers\SDHC.o
                0x1fff1174                SDHC_Info
 .bss.SDHC_Device
                0x1fff1378        0x8 Drivers\SDHC.o
                0x1fff1378                SDHC_Device
 .bss.Propeller
                0x1fff1380        0x4 FEHProteus.o
                0x1fff1380                Propeller
 .bss.CoreClockKHz
                0x1fff1384        0x4 FEHProteus.o
                0x1fff1384                CoreClockKHz
 .bss.CoreClockMHz
                0x1fff1388        0x4 FEHProteus.o
                0x1fff1388                CoreClockMHz
 .bss.PeripheralClockKHz
                0x1fff138c        0x4 FEHProteus.o
                0x1fff138c                PeripheralClockKHz
 .bss._ZN14AnalogInputPin17Master_Adc_ConfigE
                0x1fff1390       0x10 Libraries\FEHIO.o
                0x1fff1390                AnalogInputPin::Master_Adc_Config
 .bss._ZN14AnalogInputPin18Encoder_Adc_ConfigE
                0x1fff13a0       0x10 Libraries\FEHIO.o
                0x1fff13a0                AnalogInputPin::Encoder_Adc_Config
 .bss.interrupt_counts
                0x1fff13b0       0x80 Libraries\FEHIO.o
                0x1fff13b0                interrupt_counts
 .bss._ZN13AnalogEncoder7pinListE
                0x1fff1430        0x4 Libraries\FEHIO.o
                0x1fff1430                AnalogEncoder::pinList
 .bss.__interrupt_counter
                0x1fff1434        0x4 Libraries\FEHIO.o
                0x1fff1434                __interrupt_counter
 .bss.Buzzer    0x1fff1438        0x4 Libraries\FEHBuzzer.o
                0x1fff1438                Buzzer
 .bss.LCD       0x1fff143c       0x44 Libraries\FEHLCD.o
                0x1fff143c                LCD
 .bss.initialized
                0x1fff1480        0x1 Libraries\FEHLCD.o
                0x1fff1480                initialized
 *fill*         0x1fff1481        0x3 00
 .bss.Accel     0x1fff1484        0x4 Libraries\FEHAccel.o
                0x1fff1484                Accel
 .bss.Battery   0x1fff1488        0x4 Libraries\FEHBattery.o
                0x1fff1488                Battery
 .bss.XBeeDataProcess
                0x1fff148c        0x4 Drivers\FEHXBee.o
                0x1fff148c                XBeeDataProcess
 .bss._xbeebuffer
                0x1fff1490       0x10 Drivers\FEHXBee.o
                0x1fff1490                _xbeebuffer
 .bss._xbeebufferindex
                0x1fff14a0        0x1 Drivers\FEHXBee.o
                0x1fff14a0                _xbeebufferindex
 .bss._xbeestate
                0x1fff14a1        0x1 Drivers\FEHXBee.o
                0x1fff14a1                _xbeestate
 .bss._xbeebytereceived
                0x1fff14a2        0x1 Drivers\FEHXBee.o
                0x1fff14a2                _xbeebytereceived
 .bss._xbeebyte
                0x1fff14a3        0x1 Drivers\FEHXBee.o
                0x1fff14a3                _xbeebyte
 .bss.RPS       0x1fff14a4        0x8 Libraries\FEHRPS.o
                0x1fff14a4                RPS
 .bss._enabled  0x1fff14ac        0x1 Libraries\FEHRPS.o
                0x1fff14ac                _enabled
 *fill*         0x1fff14ad        0x3 00
 .bss._RPS_x    0x1fff14b0        0x4 Libraries\FEHRPS.o
                0x1fff14b0                _RPS_x
 .bss._RPS_y    0x1fff14b4        0x4 Libraries\FEHRPS.o
                0x1fff14b4                _RPS_y
 .bss._RPS_heading
                0x1fff14b8        0x4 Libraries\FEHRPS.o
                0x1fff14b8                _RPS_heading
 .bss._RPS_objective
                0x1fff14bc        0x4 Libraries\FEHRPS.o
                0x1fff14bc                _RPS_objective
 .bss._RPS_time
                0x1fff14c0        0x1 Libraries\FEHRPS.o
                0x1fff14c0                _RPS_time
 .bss._RPS_stop
                0x1fff14c1        0x1 Libraries\FEHRPS.o
                0x1fff14c1                _RPS_stop
 .bss._RPS_foundpacket
                0x1fff14c2        0x1 Libraries\FEHRPS.o
                0x1fff14c2                _RPS_foundpacket
 *fill*         0x1fff14c3        0x1 00
 .bss.SD        0x1fff14c4        0x4 Libraries\FEHSD.o
                0x1fff14c4                SD
 .bss.logfil    0x1fff14c8      0x228 Libraries\FEHSD.o
                0x1fff14c8                logfil
 .bss.__stdio_exit
                0x1fff16f0        0x4 C:\fehqt\Proteus/EWL/lib/armv7e-m\libc.a(exit.o)
                0x1fff16f0                __stdio_exit
 .bss.__console_exit
                0x1fff16f4        0x4 C:\fehqt\Proteus/EWL/lib/armv7e-m\libc.a(exit.o)
                0x1fff16f4                __console_exit
 .bss.__S_romp  0x1fff16f8        0xc C:\fehqt\Proteus/EWL/lib/armv7e-m\librt.a(ROMCopy.o)
 .bss.__global_destructor_chain
                0x1fff1704        0x4 C:\fehqt\Proteus/EWL/lib/armv7e-m\librt.a(__arm_eabi_init.o)
                0x1fff1704                __global_destructor_chain
 *(COMMON)
 COMMON         0x1fff1708        0x4 C:\fehqt\Proteus/EWL/lib/armv7e-m\libc.a(errno.o)
                0x1fff1708                errno
                0x1fff170c                . = ALIGN (0x4)
                0x1fff170c                __END_BSS = .
                0x1fff170c                PROVIDE (__bss_end__, __END_BSS)

._user_heap_stack
                0x1fff170c     0x1000 load address 0x0001b438
                0x1fff170c                . = ALIGN (0x4)
                0x1fff170c                PROVIDE (end, .)
                0x1fff170c                PROVIDE (_end, .)
                0x1fff170c                __heap_addr = .
                0x1fff1f0c                . = (. + __heap_size)
 *fill*         0x1fff170c      0x800 00
                0x1fff270c                . = (. + __stack_size)
 *fill*         0x1fff1f0c      0x800 00
                0x1fff270c                . = ALIGN (0x4)
                0x0001ae48                _romp_at = ((___ROM_AT + SIZEOF (.data)) + SIZEOF (.user_data2))

.romp           0x20000000       0x24 load address 0x0001ae48
                0x0001ae48                __S_romp = _romp_at
                0x20000000        0x4 LONG 0x1a12c ___ROM_AT
                0x20000004        0x4 LONG 0x1fff0400 _sdata
                0x20000008        0x4 LONG 0xd1c ___data_size
                0x2000000c        0x4 LONG 0x1ae48 ___m_data2_ROMStart
                0x20000010        0x4 LONG 0x20000000 ___m_data2_RAMStart
                0x20000014        0x4 LONG 0x0 ___m_data2_ROMSize
                0x20000018        0x4 LONG 0x0
                0x2000001c        0x4 LONG 0x0
                0x20000020        0x4 LONG 0x0

.ARM.attributes
                0x00000000       0x33
 *(.ARM.attributes)
 .ARM.attributes
                0x00000000       0x33 ..\main.o
 .ARM.attributes
                0x00000033       0x33 Startup\__arm_start.o
 .ARM.attributes
                0x00000066       0x33 Startup\__arm_end.o
 .ARM.attributes
                0x00000099       0x33 Startup\kinetis_sysinit.o
 .ARM.attributes
                0x000000cc       0x33 Libraries\FEHMotor.o
 .ARM.attributes
                0x000000ff       0x33 Drivers\i2c.o
 .ARM.attributes
                0x00000132       0x33 Drivers\spi.o
 .ARM.attributes
                0x00000165       0x33 Drivers\uart.o
 .ARM.attributes
                0x00000198       0x33 Drivers\ff.o
 .ARM.attributes
                0x000001cb       0x33 Drivers\SDHC.o
 .ARM.attributes
                0x000001fe       0x33 Drivers\lptmr.o
 .ARM.attributes
                0x00000231       0x33 FEHProteus.o
 .ARM.attributes
                0x00000264       0x33 Drivers\FEHPropeller.o
 .ARM.attributes
                0x00000297       0x33 Libraries\FEHUtility.o
 .ARM.attributes
                0x000002ca       0x33 Libraries\FEHIO.o
 .ARM.attributes
                0x000002fd       0x33 Drivers\adc16.o
 .ARM.attributes
                0x00000330       0x33 Libraries\FEHBuzzer.o
 .ARM.attributes
                0x00000363       0x33 Libraries\FEHServo.o
 .ARM.attributes
                0x00000396       0x33 Libraries\FEHLCD.o
 .ARM.attributes
                0x000003c9       0x33 Libraries\FEHAccel.o
 .ARM.attributes
                0x000003fc       0x33 Libraries\FEHBattery.o
 .ARM.attributes
                0x0000042f       0x33 Drivers\FEHXBee.o
 .ARM.attributes
                0x00000462       0x33 Libraries\FEHRPS.o
 .ARM.attributes
                0x00000495       0x33 Libraries\FEHSD.o
 .ARM.attributes
                0x000004c8       0x33 C:\fehqt\Proteus/EWL/lib/armv7e-m\libm.a(w_atan2.o)
 .ARM.attributes
                0x000004fb       0x33 C:\fehqt\Proteus/EWL/lib/armv7e-m\libm.a(w_sqrtf.o)
 .ARM.attributes
                0x0000052e       0x33 C:\fehqt\Proteus/EWL/lib/armv7e-m\libm.a(e_atan2.o)
 .ARM.attributes
                0x00000561       0x33 C:\fehqt\Proteus/EWL/lib/armv7e-m\libm.a(e_sqrtf.o)
 .ARM.attributes
                0x00000594       0x33 C:\fehqt\Proteus/EWL/lib/armv7e-m\libm.a(s_atan.o)
 .ARM.attributes
                0x000005c7       0x33 C:\fehqt\Proteus/EWL/lib/armv7e-m\libc.a(errno.o)
 .ARM.attributes
                0x000005fa       0x33 C:\fehqt\Proteus/EWL/lib/armv7e-m\libc.a(sprintf.o)
 .ARM.attributes
                0x0000062d       0x33 C:\fehqt\Proteus/EWL/lib/armv7e-m\libc.a(vsnprintf.o)
 .ARM.attributes
                0x00000660       0x33 C:\fehqt\Proteus/EWL/lib/armv7e-m\libc.a(exit.o)
 .ARM.attributes
                0x00000693       0x33 C:\fehqt\Proteus/EWL/lib/armv7e-m\libc.a(memcpy.o)
 .ARM.attributes
                0x000006c6       0x33 C:\fehqt\Proteus/EWL/lib/armv7e-m\libc.a(memset.o)
 .ARM.attributes
                0x000006f9       0x33 C:\fehqt\Proteus/EWL/lib/armv7e-m\libc.a(strcpy.o)
 .ARM.attributes
                0x0000072c       0x33 C:\fehqt\Proteus/EWL/lib/armv7e-m\libc.a(strlen.o)
 .ARM.attributes
                0x0000075f       0x33 C:\fehqt\Proteus/EWL/lib/armv7e-m\libc.a(printformat_.o)
 .ARM.attributes
                0x00000792       0x33 C:\fehqt\Proteus/EWL/lib/armv7e-m\libc.a(scanformat_.o)
 .ARM.attributes
                0x000007c5       0x33 C:\fehqt\Proteus/EWL/lib/armv7e-m\libc.a(ctype_aeabi.o)
 .ARM.attributes
                0x000007f8       0x33 C:\fehqt\Proteus/EWL/lib/armv7e-m\libc.a(__strtoul.o)
 .ARM.attributes
                0x0000082b       0x33 C:\fehqt\Proteus/EWL/lib/armv7e-m\libc.a(__filll_mem.o)
 .ARM.attributes
                0x0000085e       0x33 C:\fehqt\Proteus/EWL/lib/armv7e-m\libc.a(memchr.o)
 .ARM.attributes
                0x00000891       0x33 C:\fehqt\Proteus/EWL/lib/armv7e-m\libc.a(strchr.o)
 .ARM.attributes
                0x000008c4       0x1e c:/fehqt/proteus/gcc/bin/../lib/gcc/arm-none-eabi/4.6.2/armv7e-m\libgcc.a(_arm_addsubdf3.o)
 .ARM.attributes
                0x000008e2       0x1e c:/fehqt/proteus/gcc/bin/../lib/gcc/arm-none-eabi/4.6.2/armv7e-m\libgcc.a(_arm_muldivdf3.o)
 .ARM.attributes
                0x00000900       0x1e c:/fehqt/proteus/gcc/bin/../lib/gcc/arm-none-eabi/4.6.2/armv7e-m\libgcc.a(_arm_cmpdf2.o)
 .ARM.attributes
                0x0000091e       0x1e c:/fehqt/proteus/gcc/bin/../lib/gcc/arm-none-eabi/4.6.2/armv7e-m\libgcc.a(_arm_fixdfsi.o)
 .ARM.attributes
                0x0000093c       0x1e c:/fehqt/proteus/gcc/bin/../lib/gcc/arm-none-eabi/4.6.2/armv7e-m\libgcc.a(_arm_fixunsdfsi.o)
 .ARM.attributes
                0x0000095a       0x1e c:/fehqt/proteus/gcc/bin/../lib/gcc/arm-none-eabi/4.6.2/armv7e-m\libgcc.a(_arm_truncdfsf2.o)
 .ARM.attributes
                0x00000978       0x1e c:/fehqt/proteus/gcc/bin/../lib/gcc/arm-none-eabi/4.6.2/armv7e-m\libgcc.a(_arm_addsubsf3.o)
 .ARM.attributes
                0x00000996       0x1e c:/fehqt/proteus/gcc/bin/../lib/gcc/arm-none-eabi/4.6.2/armv7e-m\libgcc.a(_arm_muldivsf3.o)
 .ARM.attributes
                0x000009b4       0x1e c:/fehqt/proteus/gcc/bin/../lib/gcc/arm-none-eabi/4.6.2/armv7e-m\libgcc.a(_arm_cmpsf2.o)
 .ARM.attributes
                0x000009d2       0x1e c:/fehqt/proteus/gcc/bin/../lib/gcc/arm-none-eabi/4.6.2/armv7e-m\libgcc.a(_arm_fixsfsi.o)
 .ARM.attributes
                0x000009f0       0x33 C:\fehqt\Proteus/EWL/lib/armv7e-m\librt.a(gcc_ctor_dtor.o)
 .ARM.attributes
                0x00000a23       0x33 C:\fehqt\Proteus/EWL/lib/armv7e-m\librt.a(ROMCopy.o)
 .ARM.attributes
                0x00000a56       0x33 C:\fehqt\Proteus/EWL/lib/armv7e-m\librt.a(__arm_eabi_init.o)
OUTPUT(../SealBot.elf elf32-littlearm)

.debug_info     0x00000000    0x15c32
 .debug_info    0x00000000     0x22a4 ..\main.o
 .debug_info    0x000022a4     0x12c5 Startup\__arm_start.o
 .debug_info    0x00003569       0x58 Startup\__arm_end.o
 .debug_info    0x000035c1      0x57d Startup\kinetis_sysinit.o
 .debug_info    0x00003b3e      0x335 Libraries\FEHMotor.o
 .debug_info    0x00003e73      0x250 Drivers\i2c.o
 .debug_info    0x000040c3      0x6cf Drivers\spi.o
 .debug_info    0x00004792      0x59c Drivers\uart.o
 .debug_info    0x00004d2e     0x1da0 Drivers\ff.o
 .debug_info    0x00006ace      0xf1d Drivers\SDHC.o
 .debug_info    0x000079eb      0x2de Drivers\lptmr.o
 .debug_info    0x00007cc9      0x1a7 FEHProteus.o
 .debug_info    0x00007e70      0x722 Drivers\FEHPropeller.o
 .debug_info    0x00008592      0x36c Libraries\FEHUtility.o
 .debug_info    0x000088fe     0x1c6a Libraries\FEHIO.o
 .debug_info    0x0000a568      0x4ab Drivers\adc16.o
 .debug_info    0x0000aa13      0xa42 Libraries\FEHBuzzer.o
 .debug_info    0x0000b455     0x1500 Libraries\FEHServo.o
 .debug_info    0x0000c955     0x2c25 Libraries\FEHLCD.o
 .debug_info    0x0000f57a      0x26a Libraries\FEHAccel.o
 .debug_info    0x0000f7e4      0x3a9 Libraries\FEHBattery.o
 .debug_info    0x0000fb8d      0xac3 Drivers\FEHXBee.o
 .debug_info    0x00010650     0x1985 Libraries\FEHRPS.o
 .debug_info    0x00011fd5     0x1242 Libraries\FEHSD.o
 .debug_info    0x00013217       0xc6 C:\fehqt\Proteus/EWL/lib/armv7e-m\libm.a(w_atan2.o)
 .debug_info    0x000132dd       0xba C:\fehqt\Proteus/EWL/lib/armv7e-m\libm.a(w_sqrtf.o)
 .debug_info    0x00013397      0x283 C:\fehqt\Proteus/EWL/lib/armv7e-m\libm.a(e_atan2.o)
 .debug_info    0x0001361a      0x1d5 C:\fehqt\Proteus/EWL/lib/armv7e-m\libm.a(e_sqrtf.o)
 .debug_info    0x000137ef      0x23b C:\fehqt\Proteus/EWL/lib/armv7e-m\libm.a(s_atan.o)
 .debug_info    0x00013a2a       0xa5 C:\fehqt\Proteus/EWL/lib/armv7e-m\libc.a(errno.o)
 .debug_info    0x00013acf      0x11f C:\fehqt\Proteus/EWL/lib/armv7e-m\libc.a(sprintf.o)
 .debug_info    0x00013bee      0x206 C:\fehqt\Proteus/EWL/lib/armv7e-m\libc.a(vsnprintf.o)
 .debug_info    0x00013df4      0x103 C:\fehqt\Proteus/EWL/lib/armv7e-m\libc.a(exit.o)
 .debug_info    0x00013ef7      0x113 C:\fehqt\Proteus/EWL/lib/armv7e-m\libc.a(memcpy.o)
 .debug_info    0x0001400a       0xf4 C:\fehqt\Proteus/EWL/lib/armv7e-m\libc.a(memset.o)
 .debug_info    0x000140fe      0x10a C:\fehqt\Proteus/EWL/lib/armv7e-m\libc.a(strcpy.o)
 .debug_info    0x00014208       0xf3 C:\fehqt\Proteus/EWL/lib/armv7e-m\libc.a(strlen.o)
 .debug_info    0x000142fb      0x512 C:\fehqt\Proteus/EWL/lib/armv7e-m\libc.a(printformat_.o)
 .debug_info    0x0001480d      0x564 C:\fehqt\Proteus/EWL/lib/armv7e-m\libc.a(scanformat_.o)
 .debug_info    0x00014d71      0x32a C:\fehqt\Proteus/EWL/lib/armv7e-m\libc.a(ctype_aeabi.o)
 .debug_info    0x0001509b      0x1d7 C:\fehqt\Proteus/EWL/lib/armv7e-m\libc.a(__strtoul.o)
 .debug_info    0x00015272      0x13d C:\fehqt\Proteus/EWL/lib/armv7e-m\libc.a(__filll_mem.o)
 .debug_info    0x000153af      0x129 C:\fehqt\Proteus/EWL/lib/armv7e-m\libc.a(memchr.o)
 .debug_info    0x000154d8      0x110 C:\fehqt\Proteus/EWL/lib/armv7e-m\libc.a(strchr.o)
 .debug_info    0x000155e8      0x1c0 C:\fehqt\Proteus/EWL/lib/armv7e-m\librt.a(gcc_ctor_dtor.o)
 .debug_info    0x000157a8      0x1b8 C:\fehqt\Proteus/EWL/lib/armv7e-m\librt.a(ROMCopy.o)
 .debug_info    0x00015960      0x2d2 C:\fehqt\Proteus/EWL/lib/armv7e-m\librt.a(__arm_eabi_init.o)

.debug_abbrev   0x00000000     0x42e2
 .debug_abbrev  0x00000000      0x3c7 ..\main.o
 .debug_abbrev  0x000003c7      0x28f Startup\__arm_start.o
 .debug_abbrev  0x00000656       0x45 Startup\__arm_end.o
 .debug_abbrev  0x0000069b      0x18a Startup\kinetis_sysinit.o
 .debug_abbrev  0x00000825      0x18c Libraries\FEHMotor.o
 .debug_abbrev  0x000009b1       0xfc Drivers\i2c.o
 .debug_abbrev  0x00000aad      0x18b Drivers\spi.o
 .debug_abbrev  0x00000c38      0x15f Drivers\uart.o
 .debug_abbrev  0x00000d97      0x18f Drivers\ff.o
 .debug_abbrev  0x00000f26      0x223 Drivers\SDHC.o
 .debug_abbrev  0x00001149       0xd2 Drivers\lptmr.o
 .debug_abbrev  0x0000121b      0x101 FEHProteus.o
 .debug_abbrev  0x0000131c      0x1c6 Drivers\FEHPropeller.o
 .debug_abbrev  0x000014e2      0x154 Libraries\FEHUtility.o
 .debug_abbrev  0x00001636      0x448 Libraries\FEHIO.o
 .debug_abbrev  0x00001a7e      0x12a Drivers\adc16.o
 .debug_abbrev  0x00001ba8      0x1da Libraries\FEHBuzzer.o
 .debug_abbrev  0x00001d82      0x312 Libraries\FEHServo.o
 .debug_abbrev  0x00002094      0x38c Libraries\FEHLCD.o
 .debug_abbrev  0x00002420      0x13b Libraries\FEHAccel.o
 .debug_abbrev  0x0000255b      0x1cb Libraries\FEHBattery.o
 .debug_abbrev  0x00002726      0x231 Drivers\FEHXBee.o
 .debug_abbrev  0x00002957      0x37f Libraries\FEHRPS.o
 .debug_abbrev  0x00002cd6      0x33a Libraries\FEHSD.o
 .debug_abbrev  0x00003010       0x5d C:\fehqt\Proteus/EWL/lib/armv7e-m\libm.a(w_atan2.o)
 .debug_abbrev  0x0000306d       0x5d C:\fehqt\Proteus/EWL/lib/armv7e-m\libm.a(w_sqrtf.o)
 .debug_abbrev  0x000030ca       0xf0 C:\fehqt\Proteus/EWL/lib/armv7e-m\libm.a(e_atan2.o)
 .debug_abbrev  0x000031ba       0xe3 C:\fehqt\Proteus/EWL/lib/armv7e-m\libm.a(e_sqrtf.o)
 .debug_abbrev  0x0000329d       0xf1 C:\fehqt\Proteus/EWL/lib/armv7e-m\libm.a(s_atan.o)
 .debug_abbrev  0x0000338e       0x48 C:\fehqt\Proteus/EWL/lib/armv7e-m\libc.a(errno.o)
 .debug_abbrev  0x000033d6       0xb5 C:\fehqt\Proteus/EWL/lib/armv7e-m\libc.a(sprintf.o)
 .debug_abbrev  0x0000348b       0xf4 C:\fehqt\Proteus/EWL/lib/armv7e-m\libc.a(vsnprintf.o)
 .debug_abbrev  0x0000357f       0x8f C:\fehqt\Proteus/EWL/lib/armv7e-m\libc.a(exit.o)
 .debug_abbrev  0x0000360e       0x97 C:\fehqt\Proteus/EWL/lib/armv7e-m\libc.a(memcpy.o)
 .debug_abbrev  0x000036a5       0x66 C:\fehqt\Proteus/EWL/lib/armv7e-m\libc.a(memset.o)
 .debug_abbrev  0x0000370b       0x7c C:\fehqt\Proteus/EWL/lib/armv7e-m\libc.a(strcpy.o)
 .debug_abbrev  0x00003787       0x7e C:\fehqt\Proteus/EWL/lib/armv7e-m\libc.a(strlen.o)
 .debug_abbrev  0x00003805      0x204 C:\fehqt\Proteus/EWL/lib/armv7e-m\libc.a(printformat_.o)
 .debug_abbrev  0x00003a09      0x1fb C:\fehqt\Proteus/EWL/lib/armv7e-m\libc.a(scanformat_.o)
 .debug_abbrev  0x00003c04       0x9a C:\fehqt\Proteus/EWL/lib/armv7e-m\libc.a(ctype_aeabi.o)
 .debug_abbrev  0x00003c9e       0xc6 C:\fehqt\Proteus/EWL/lib/armv7e-m\libc.a(__strtoul.o)
 .debug_abbrev  0x00003d64       0x8b C:\fehqt\Proteus/EWL/lib/armv7e-m\libc.a(__filll_mem.o)
 .debug_abbrev  0x00003def       0x99 C:\fehqt\Proteus/EWL/lib/armv7e-m\libc.a(memchr.o)
 .debug_abbrev  0x00003e88       0x8d C:\fehqt\Proteus/EWL/lib/armv7e-m\libc.a(strchr.o)
 .debug_abbrev  0x00003f15       0x9d C:\fehqt\Proteus/EWL/lib/armv7e-m\librt.a(gcc_ctor_dtor.o)
 .debug_abbrev  0x00003fb2      0x160 C:\fehqt\Proteus/EWL/lib/armv7e-m\librt.a(ROMCopy.o)
 .debug_abbrev  0x00004112      0x1d0 C:\fehqt\Proteus/EWL/lib/armv7e-m\librt.a(__arm_eabi_init.o)

.debug_loc      0x00000000     0x72c3
 .debug_loc     0x00000000      0x6e2 ..\main.o
 .debug_loc     0x000006e2       0xb0 Startup\__arm_start.o
 .debug_loc     0x00000792       0x38 Startup\__arm_end.o
 .debug_loc     0x000007ca       0x84 Startup\kinetis_sysinit.o
 .debug_loc     0x0000084e       0xe0 Libraries\FEHMotor.o
 .debug_loc     0x0000092e       0xe0 Drivers\i2c.o
 .debug_loc     0x00000a0e      0x19c Drivers\spi.o
 .debug_loc     0x00000baa       0xe0 Drivers\uart.o
 .debug_loc     0x00000c8a      0xa96 Drivers\ff.o
 .debug_loc     0x00001720      0x370 Drivers\SDHC.o
 .debug_loc     0x00001a90       0x38 Drivers\lptmr.o
 .debug_loc     0x00001ac8       0x64 FEHProteus.o
 .debug_loc     0x00001b2c      0x118 Drivers\FEHPropeller.o
 .debug_loc     0x00001c44      0x1a8 Libraries\FEHUtility.o
 .debug_loc     0x00001dec      0x8d6 Libraries\FEHIO.o
 .debug_loc     0x000026c2       0xa8 Drivers\adc16.o
 .debug_loc     0x0000276a      0x304 Libraries\FEHBuzzer.o
 .debug_loc     0x00002a6e      0x1fa Libraries\FEHServo.o
 .debug_loc     0x00002c68     0x1147 Libraries\FEHLCD.o
 .debug_loc     0x00003daf      0x144 Libraries\FEHAccel.o
 .debug_loc     0x00003ef3       0xd4 Libraries\FEHBattery.o
 .debug_loc     0x00003fc7      0x1c0 Drivers\FEHXBee.o
 .debug_loc     0x00004187      0x3b0 Libraries\FEHRPS.o
 .debug_loc     0x00004537      0x188 Libraries\FEHSD.o
 .debug_loc     0x000046bf       0x30 C:\fehqt\Proteus/EWL/lib/armv7e-m\libm.a(w_atan2.o)
 .debug_loc     0x000046ef       0x13 C:\fehqt\Proteus/EWL/lib/armv7e-m\libm.a(w_sqrtf.o)
 .debug_loc     0x00004702      0x367 C:\fehqt\Proteus/EWL/lib/armv7e-m\libm.a(e_atan2.o)
 .debug_loc     0x00004a69      0x110 C:\fehqt\Proteus/EWL/lib/armv7e-m\libm.a(e_sqrtf.o)
 .debug_loc     0x00004b79      0x27f C:\fehqt\Proteus/EWL/lib/armv7e-m\libm.a(s_atan.o)
 .debug_loc     0x00004df8       0x3f C:\fehqt\Proteus/EWL/lib/armv7e-m\libc.a(sprintf.o)
 .debug_loc     0x00004e37      0x105 C:\fehqt\Proteus/EWL/lib/armv7e-m\libc.a(vsnprintf.o)
 .debug_loc     0x00004f3c       0x3e C:\fehqt\Proteus/EWL/lib/armv7e-m\libc.a(exit.o)
 .debug_loc     0x00004f7a       0x46 C:\fehqt\Proteus/EWL/lib/armv7e-m\libc.a(memcpy.o)
 .debug_loc     0x00004fc0       0x64 C:\fehqt\Proteus/EWL/lib/armv7e-m\libc.a(memset.o)
 .debug_loc     0x00005024       0x20 C:\fehqt\Proteus/EWL/lib/armv7e-m\libc.a(strcpy.o)
 .debug_loc     0x00005044       0x31 C:\fehqt\Proteus/EWL/lib/armv7e-m\libc.a(strlen.o)
 .debug_loc     0x00005075     0x106f C:\fehqt\Proteus/EWL/lib/armv7e-m\libc.a(printformat_.o)
 .debug_loc     0x000060e4      0x8cb C:\fehqt\Proteus/EWL/lib/armv7e-m\libc.a(scanformat_.o)
 .debug_loc     0x000069af      0x18e C:\fehqt\Proteus/EWL/lib/armv7e-m\libc.a(ctype_aeabi.o)
 .debug_loc     0x00006b3d      0x2ad C:\fehqt\Proteus/EWL/lib/armv7e-m\libc.a(__strtoul.o)
 .debug_loc     0x00006dea      0x12c C:\fehqt\Proteus/EWL/lib/armv7e-m\libc.a(__filll_mem.o)
 .debug_loc     0x00006f16       0x82 C:\fehqt\Proteus/EWL/lib/armv7e-m\libc.a(memchr.o)
 .debug_loc     0x00006f98       0x78 C:\fehqt\Proteus/EWL/lib/armv7e-m\libc.a(strchr.o)
 .debug_loc     0x00007010       0xbe C:\fehqt\Proteus/EWL/lib/armv7e-m\librt.a(gcc_ctor_dtor.o)
 .debug_loc     0x000070ce       0x9b C:\fehqt\Proteus/EWL/lib/armv7e-m\librt.a(ROMCopy.o)
 .debug_loc     0x00007169      0x15a C:\fehqt\Proteus/EWL/lib/armv7e-m\librt.a(__arm_eabi_init.o)

.debug_aranges  0x00000000     0x1028
 .debug_aranges
                0x00000000      0x128 ..\main.o
 .debug_aranges
                0x00000128       0x48 Startup\__arm_start.o
 .debug_aranges
                0x00000170       0x20 Startup\__arm_end.o
 .debug_aranges
                0x00000190       0x30 Startup\kinetis_sysinit.o
 .debug_aranges
                0x000001c0       0x38 Libraries\FEHMotor.o
 .debug_aranges
                0x000001f8       0x38 Drivers\i2c.o
 .debug_aranges
                0x00000230       0x58 Drivers\spi.o
 .debug_aranges
                0x00000288       0x38 Drivers\uart.o
 .debug_aranges
                0x000002c0      0x198 Drivers\ff.o
 .debug_aranges
                0x00000458       0x98 Drivers\SDHC.o
 .debug_aranges
                0x000004f0       0x20 Drivers\lptmr.o
 .debug_aranges
                0x00000510       0x28 FEHProteus.o
 .debug_aranges
                0x00000538       0x40 Drivers\FEHPropeller.o
 .debug_aranges
                0x00000578       0x58 Libraries\FEHUtility.o
 .debug_aranges
                0x000005d0      0x160 Libraries\FEHIO.o
 .debug_aranges
                0x00000730       0x30 Drivers\adc16.o
 .debug_aranges
                0x00000760       0x88 Libraries\FEHBuzzer.o
 .debug_aranges
                0x000007e8       0x60 Libraries\FEHServo.o
 .debug_aranges
                0x00000848      0x290 Libraries\FEHLCD.o
 .debug_aranges
                0x00000ad8       0x48 Libraries\FEHAccel.o
 .debug_aranges
                0x00000b20       0x38 Libraries\FEHBattery.o
 .debug_aranges
                0x00000b58       0x58 Drivers\FEHXBee.o
 .debug_aranges
                0x00000bb0       0xa0 Libraries\FEHRPS.o
 .debug_aranges
                0x00000c50       0x50 Libraries\FEHSD.o
 .debug_aranges
                0x00000ca0       0x20 C:\fehqt\Proteus/EWL/lib/armv7e-m\libm.a(w_atan2.o)
 .debug_aranges
                0x00000cc0       0x20 C:\fehqt\Proteus/EWL/lib/armv7e-m\libm.a(w_sqrtf.o)
 .debug_aranges
                0x00000ce0       0x20 C:\fehqt\Proteus/EWL/lib/armv7e-m\libm.a(e_atan2.o)
 .debug_aranges
                0x00000d00       0x20 C:\fehqt\Proteus/EWL/lib/armv7e-m\libm.a(e_sqrtf.o)
 .debug_aranges
                0x00000d20       0x20 C:\fehqt\Proteus/EWL/lib/armv7e-m\libm.a(s_atan.o)
 .debug_aranges
                0x00000d40       0x20 C:\fehqt\Proteus/EWL/lib/armv7e-m\libc.a(sprintf.o)
 .debug_aranges
                0x00000d60       0x28 C:\fehqt\Proteus/EWL/lib/armv7e-m\libc.a(vsnprintf.o)
 .debug_aranges
                0x00000d88       0x20 C:\fehqt\Proteus/EWL/lib/armv7e-m\libc.a(exit.o)
 .debug_aranges
                0x00000da8       0x20 C:\fehqt\Proteus/EWL/lib/armv7e-m\libc.a(memcpy.o)
 .debug_aranges
                0x00000dc8       0x20 C:\fehqt\Proteus/EWL/lib/armv7e-m\libc.a(memset.o)
 .debug_aranges
                0x00000de8       0x20 C:\fehqt\Proteus/EWL/lib/armv7e-m\libc.a(strcpy.o)
 .debug_aranges
                0x00000e08       0x20 C:\fehqt\Proteus/EWL/lib/armv7e-m\libc.a(strlen.o)
 .debug_aranges
                0x00000e28       0x28 C:\fehqt\Proteus/EWL/lib/armv7e-m\libc.a(printformat_.o)
 .debug_aranges
                0x00000e50       0x20 C:\fehqt\Proteus/EWL/lib/armv7e-m\libc.a(scanformat_.o)
 .debug_aranges
                0x00000e70       0x88 C:\fehqt\Proteus/EWL/lib/armv7e-m\libc.a(ctype_aeabi.o)
 .debug_aranges
                0x00000ef8       0x20 C:\fehqt\Proteus/EWL/lib/armv7e-m\libc.a(__strtoul.o)
 .debug_aranges
                0x00000f18       0x20 C:\fehqt\Proteus/EWL/lib/armv7e-m\libc.a(__filll_mem.o)
 .debug_aranges
                0x00000f38       0x20 C:\fehqt\Proteus/EWL/lib/armv7e-m\libc.a(memchr.o)
 .debug_aranges
                0x00000f58       0x20 C:\fehqt\Proteus/EWL/lib/armv7e-m\libc.a(strchr.o)
 .debug_aranges
                0x00000f78       0x28 C:\fehqt\Proteus/EWL/lib/armv7e-m\librt.a(gcc_ctor_dtor.o)
 .debug_aranges
                0x00000fa0       0x30 C:\fehqt\Proteus/EWL/lib/armv7e-m\librt.a(ROMCopy.o)
 .debug_aranges
                0x00000fd0       0x58 C:\fehqt\Proteus/EWL/lib/armv7e-m\librt.a(__arm_eabi_init.o)

.debug_line     0x00000000     0x864f
 .debug_line    0x00000000      0xa56 ..\main.o
 .debug_line    0x00000a56      0x3ad Startup\__arm_start.o
 .debug_line    0x00000e03      0x21a Startup\__arm_end.o
 .debug_line    0x0000101d      0x283 Startup\kinetis_sysinit.o
 .debug_line    0x000012a0      0x237 Libraries\FEHMotor.o
 .debug_line    0x000014d7      0x2ad Drivers\i2c.o
 .debug_line    0x00001784      0x295 Drivers\spi.o
 .debug_line    0x00001a19      0x212 Drivers\uart.o
 .debug_line    0x00001c2b     0x1114 Drivers\ff.o
 .debug_line    0x00002d3f      0x678 Drivers\SDHC.o
 .debug_line    0x000033b7      0x1c0 Drivers\lptmr.o
 .debug_line    0x00003577      0x1da FEHProteus.o
 .debug_line    0x00003751      0x264 Drivers\FEHPropeller.o
 .debug_line    0x000039b5      0x282 Libraries\FEHUtility.o
 .debug_line    0x00003c37      0x6ee Libraries\FEHIO.o
 .debug_line    0x00004325      0x20f Drivers\adc16.o
 .debug_line    0x00004534      0x2df Libraries\FEHBuzzer.o
 .debug_line    0x00004813      0x545 Libraries\FEHServo.o
 .debug_line    0x00004d58     0x1151 Libraries\FEHLCD.o
 .debug_line    0x00005ea9      0x23f Libraries\FEHAccel.o
 .debug_line    0x000060e8      0x218 Libraries\FEHBattery.o
 .debug_line    0x00006300      0x349 Drivers\FEHXBee.o
 .debug_line    0x00006649      0x6e9 Libraries\FEHRPS.o
 .debug_line    0x00006d32      0x334 Libraries\FEHSD.o
 .debug_line    0x00007066       0x77 C:\fehqt\Proteus/EWL/lib/armv7e-m\libm.a(w_atan2.o)
 .debug_line    0x000070dd       0x77 C:\fehqt\Proteus/EWL/lib/armv7e-m\libm.a(w_sqrtf.o)
 .debug_line    0x00007154      0x123 C:\fehqt\Proteus/EWL/lib/armv7e-m\libm.a(e_atan2.o)
 .debug_line    0x00007277       0xf0 C:\fehqt\Proteus/EWL/lib/armv7e-m\libm.a(e_sqrtf.o)
 .debug_line    0x00007367       0xf2 C:\fehqt\Proteus/EWL/lib/armv7e-m\libm.a(s_atan.o)
 .debug_line    0x00007459       0x4d C:\fehqt\Proteus/EWL/lib/armv7e-m\libc.a(errno.o)
 .debug_line    0x000074a6       0x94 C:\fehqt\Proteus/EWL/lib/armv7e-m\libc.a(sprintf.o)
 .debug_line    0x0000753a       0xd2 C:\fehqt\Proteus/EWL/lib/armv7e-m\libc.a(vsnprintf.o)
 .debug_line    0x0000760c       0x94 C:\fehqt\Proteus/EWL/lib/armv7e-m\libc.a(exit.o)
 .debug_line    0x000076a0       0x8d C:\fehqt\Proteus/EWL/lib/armv7e-m\libc.a(memcpy.o)
 .debug_line    0x0000772d       0x8f C:\fehqt\Proteus/EWL/lib/armv7e-m\libc.a(memset.o)
 .debug_line    0x000077bc       0x8e C:\fehqt\Proteus/EWL/lib/armv7e-m\libc.a(strcpy.o)
 .debug_line    0x0000784a       0x89 C:\fehqt\Proteus/EWL/lib/armv7e-m\libc.a(strlen.o)
 .debug_line    0x000078d3      0x2c6 C:\fehqt\Proteus/EWL/lib/armv7e-m\libc.a(printformat_.o)
 .debug_line    0x00007b99      0x2e3 C:\fehqt\Proteus/EWL/lib/armv7e-m\libc.a(scanformat_.o)
 .debug_line    0x00007e7c      0x1dd C:\fehqt\Proteus/EWL/lib/armv7e-m\libc.a(ctype_aeabi.o)
 .debug_line    0x00008059      0x141 C:\fehqt\Proteus/EWL/lib/armv7e-m\libc.a(__strtoul.o)
 .debug_line    0x0000819a      0x121 C:\fehqt\Proteus/EWL/lib/armv7e-m\libc.a(__filll_mem.o)
 .debug_line    0x000082bb       0xa3 C:\fehqt\Proteus/EWL/lib/armv7e-m\libc.a(memchr.o)
 .debug_line    0x0000835e       0x84 C:\fehqt\Proteus/EWL/lib/armv7e-m\libc.a(strchr.o)
 .debug_line    0x000083e2       0x94 C:\fehqt\Proteus/EWL/lib/armv7e-m\librt.a(gcc_ctor_dtor.o)
 .debug_line    0x00008476       0xc0 C:\fehqt\Proteus/EWL/lib/armv7e-m\librt.a(ROMCopy.o)
 .debug_line    0x00008536      0x119 C:\fehqt\Proteus/EWL/lib/armv7e-m\librt.a(__arm_eabi_init.o)

.debug_macinfo  0x00000000   0x89ecc0
 .debug_macinfo
                0x00000000    0x680e0 ..\main.o
 .debug_macinfo
                0x000680e0    0x647fb Startup\__arm_start.o
 .debug_macinfo
                0x000cc8db     0x3464 Startup\__arm_end.o
 .debug_macinfo
                0x000cfd3f    0x64cce Startup\kinetis_sysinit.o
 .debug_macinfo
                0x00134a0d    0x6305c Libraries\FEHMotor.o
 .debug_macinfo
                0x00197a69    0x6318f Drivers\i2c.o
 .debug_macinfo
                0x001fabf8    0x62fd6 Drivers\spi.o
 .debug_macinfo
                0x0025dbce    0x62fc7 Drivers\uart.o
 .debug_macinfo
                0x002c0b95     0x4396 Drivers\ff.o
 .debug_macinfo
                0x002c4f2b    0x6452b Drivers\SDHC.o
 .debug_macinfo
                0x00329456    0x63036 Drivers\lptmr.o
 .debug_macinfo
                0x0038c48c    0x62fdc FEHProteus.o
 .debug_macinfo
                0x003ef468    0x63085 Drivers\FEHPropeller.o
 .debug_macinfo
                0x004524ed    0x62ff1 Libraries\FEHUtility.o
 .debug_macinfo
                0x004b54de    0x64348 Libraries\FEHIO.o
 .debug_macinfo
                0x00519826    0x63678 Drivers\adc16.o
 .debug_macinfo
                0x0057ce9e    0x6301e Libraries\FEHBuzzer.o
 .debug_macinfo
                0x005dfebc    0x64476 Libraries\FEHServo.o
 .debug_macinfo
                0x00644332    0x649ab Libraries\FEHLCD.o
 .debug_macinfo
                0x006a8cdd    0x631be Libraries\FEHAccel.o
 .debug_macinfo
                0x0070be9b    0x636a3 Libraries\FEHBattery.o
 .debug_macinfo
                0x0076f53e    0x63d5d Drivers\FEHXBee.o
 .debug_macinfo
                0x007d329b    0x66194 Libraries\FEHRPS.o
 .debug_macinfo
                0x0083942f    0x65891 Libraries\FEHSD.o

.debug_str      0x00000000     0x519d
 .debug_str     0x00000000     0x1afe ..\main.o
                               0x1c1d (size before relaxing)
 .debug_str     0x00001afe      0x338 Startup\__arm_start.o
                                0xe6d (size before relaxing)
 .debug_str     0x00001e36       0x23 Startup\__arm_end.o
                                 0xc1 (size before relaxing)
 .debug_str     0x00001e59      0x1d6 Startup\kinetis_sysinit.o
                                0x36c (size before relaxing)
 .debug_str     0x0000202f       0x2f Libraries\FEHMotor.o
                                0x2df (size before relaxing)
 .debug_str     0x0000205e      0x11a Drivers\i2c.o
                                0x208 (size before relaxing)
 .debug_str     0x00002178      0x18b Drivers\spi.o
                                0x3c1 (size before relaxing)
 .debug_str     0x00002303      0x188 Drivers\uart.o
                                0x356 (size before relaxing)
 .debug_str     0x0000248b      0x6b5 Drivers\ff.o
                                0x859 (size before relaxing)
 .debug_str     0x00002b40      0x546 Drivers\SDHC.o
                                0x82f (size before relaxing)
 .debug_str     0x00003086       0x5a Drivers\lptmr.o
                                0x20f (size before relaxing)
 .debug_str     0x000030e0       0x28 FEHProteus.o
                                0x25b (size before relaxing)
 .debug_str     0x00003108       0x25 Drivers\FEHPropeller.o
                                0x39c (size before relaxing)
 .debug_str     0x0000312d       0xc0 Libraries\FEHUtility.o
                                0x1e0 (size before relaxing)
 .debug_str     0x000031ed      0xd51 Libraries\FEHIO.o
                               0x12b1 (size before relaxing)
 .debug_str     0x00003f3e       0xd7 Drivers\adc16.o
                                0x2a0 (size before relaxing)
 .debug_str     0x00004015       0x79 Libraries\FEHBuzzer.o
                                0x3b2 (size before relaxing)
 .debug_str     0x0000408e       0xa7 Libraries\FEHServo.o
                               0x1112 (size before relaxing)
 .debug_str     0x00004135      0x2c3 Libraries\FEHLCD.o
                               0x1113 (size before relaxing)
 .debug_str     0x000043f8       0x68 Libraries\FEHAccel.o
                                0x1a4 (size before relaxing)
 .debug_str     0x00004460       0x30 Libraries\FEHBattery.o
                                0x365 (size before relaxing)
 .debug_str     0x00004490       0xfd Drivers\FEHXBee.o
                                0x54b (size before relaxing)
 .debug_str     0x0000458d      0x15d Libraries\FEHRPS.o
                               0x14e9 (size before relaxing)
 .debug_str     0x000046ea       0x75 Libraries\FEHSD.o
                                0xf30 (size before relaxing)
 .debug_str     0x0000475f       0x85 C:\fehqt\Proteus/EWL/lib/armv7e-m\libm.a(w_atan2.o)
                                0x12d (size before relaxing)
 .debug_str     0x000047e4       0x19 C:\fehqt\Proteus/EWL/lib/armv7e-m\libm.a(w_sqrtf.o)
                                0x12d (size before relaxing)
 .debug_str     0x000047fd       0x5c C:\fehqt\Proteus/EWL/lib/armv7e-m\libm.a(e_atan2.o)
                                0x187 (size before relaxing)
 .debug_str     0x00004859       0x37 C:\fehqt\Proteus/EWL/lib/armv7e-m\libm.a(e_sqrtf.o)
                                0x179 (size before relaxing)
 .debug_str     0x00004890       0x25 C:\fehqt\Proteus/EWL/lib/armv7e-m\libm.a(s_atan.o)
                                0x158 (size before relaxing)
 .debug_str     0x000048b5       0x12 C:\fehqt\Proteus/EWL/lib/armv7e-m\libc.a(errno.o)
                                0x12c (size before relaxing)
 .debug_str     0x000048c7       0x1c C:\fehqt\Proteus/EWL/lib/armv7e-m\libc.a(sprintf.o)
                                0x15a (size before relaxing)
 .debug_str     0x000048e3       0x83 C:\fehqt\Proteus/EWL/lib/armv7e-m\libc.a(vsnprintf.o)
                                0x1c3 (size before relaxing)
 .debug_str     0x00004966       0x2e C:\fehqt\Proteus/EWL/lib/armv7e-m\libc.a(exit.o)
                                0x14e (size before relaxing)
 .debug_str     0x00004994       0x1c C:\fehqt\Proteus/EWL/lib/armv7e-m\libc.a(memcpy.o)
                                0x138 (size before relaxing)
 .debug_str     0x000049b0       0x1c C:\fehqt\Proteus/EWL/lib/armv7e-m\libc.a(memset.o)
                                0x140 (size before relaxing)
 .debug_str     0x000049cc       0x24 C:\fehqt\Proteus/EWL/lib/armv7e-m\libc.a(strcpy.o)
                                0x139 (size before relaxing)
 .debug_str     0x000049f0       0x1c C:\fehqt\Proteus/EWL/lib/armv7e-m\libc.a(strlen.o)
                                0x140 (size before relaxing)
 .debug_str     0x00004a0c      0x213 C:\fehqt\Proteus/EWL/lib/armv7e-m\libc.a(printformat_.o)
                                0x3aa (size before relaxing)
 .debug_str     0x00004c1f      0x17b C:\fehqt\Proteus/EWL/lib/armv7e-m\libc.a(scanformat_.o)
                                0x3f0 (size before relaxing)
 .debug_str     0x00004d9a       0x9d C:\fehqt\Proteus/EWL/lib/armv7e-m\libc.a(ctype_aeabi.o)
                                0x1b3 (size before relaxing)
 .debug_str     0x00004e37       0x55 C:\fehqt\Proteus/EWL/lib/armv7e-m\libc.a(__strtoul.o)
                                0x1f2 (size before relaxing)
 .debug_str     0x00004e8c       0x25 C:\fehqt\Proteus/EWL/lib/armv7e-m\libc.a(__filll_mem.o)
                                0x152 (size before relaxing)
 .debug_str     0x00004eb1       0x1c C:\fehqt\Proteus/EWL/lib/armv7e-m\libc.a(memchr.o)
                                0x148 (size before relaxing)
 .debug_str     0x00004ecd       0x1c C:\fehqt\Proteus/EWL/lib/armv7e-m\libc.a(strchr.o)
                                0x137 (size before relaxing)
 .debug_str     0x00004ee9      0x126 C:\fehqt\Proteus/EWL/lib/armv7e-m\librt.a(gcc_ctor_dtor.o)
                                0x185 (size before relaxing)
 .debug_str     0x0000500f       0x9b C:\fehqt\Proteus/EWL/lib/armv7e-m\librt.a(ROMCopy.o)
                                0x140 (size before relaxing)
 .debug_str     0x000050aa       0xf3 C:\fehqt\Proteus/EWL/lib/armv7e-m\librt.a(__arm_eabi_init.o)
                                0x1ac (size before relaxing)

.comment        0x00000000       0x79
 .comment       0x00000000       0x79 ..\main.o
                                 0x7a (size before relaxing)
 .comment       0x00000000       0x7a Startup\__arm_start.o
 .comment       0x00000000       0x7a Startup\__arm_end.o
 .comment       0x00000000       0x7a Startup\kinetis_sysinit.o
 .comment       0x00000000       0x7a Libraries\FEHMotor.o
 .comment       0x00000000       0x7a Drivers\i2c.o
 .comment       0x00000000       0x7a Drivers\spi.o
 .comment       0x00000000       0x7a Drivers\uart.o
 .comment       0x00000000       0x7a Drivers\ff.o
 .comment       0x00000000       0x7a Drivers\SDHC.o
 .comment       0x00000000       0x7a Drivers\lptmr.o
 .comment       0x00000000       0x7a FEHProteus.o
 .comment       0x00000000       0x7a Drivers\FEHPropeller.o
 .comment       0x00000000       0x7a Libraries\FEHUtility.o
 .comment       0x00000000       0x7a Libraries\FEHIO.o
 .comment       0x00000000       0x7a Drivers\adc16.o
 .comment       0x00000000       0x7a Libraries\FEHBuzzer.o
 .comment       0x00000000       0x7a Libraries\FEHServo.o
 .comment       0x00000000       0x7a Libraries\FEHLCD.o
 .comment       0x00000000       0x7a Libraries\FEHAccel.o
 .comment       0x00000000       0x7a Libraries\FEHBattery.o
 .comment       0x00000000       0x7a Drivers\FEHXBee.o
 .comment       0x00000000       0x7a Libraries\FEHRPS.o
 .comment       0x00000000       0x7a Libraries\FEHSD.o
 .comment       0x00000000       0x7a C:\fehqt\Proteus/EWL/lib/armv7e-m\libm.a(w_atan2.o)
 .comment       0x00000000       0x7a C:\fehqt\Proteus/EWL/lib/armv7e-m\libm.a(w_sqrtf.o)
 .comment       0x00000000       0x7a C:\fehqt\Proteus/EWL/lib/armv7e-m\libm.a(e_atan2.o)
 .comment       0x00000000       0x7a C:\fehqt\Proteus/EWL/lib/armv7e-m\libm.a(e_sqrtf.o)
 .comment       0x00000000       0x7a C:\fehqt\Proteus/EWL/lib/armv7e-m\libm.a(s_atan.o)
 .comment       0x00000000       0x7a C:\fehqt\Proteus/EWL/lib/armv7e-m\libc.a(errno.o)
 .comment       0x00000000       0x7a C:\fehqt\Proteus/EWL/lib/armv7e-m\libc.a(sprintf.o)
 .comment       0x00000000       0x7a C:\fehqt\Proteus/EWL/lib/armv7e-m\libc.a(vsnprintf.o)
 .comment       0x00000000       0x7a C:\fehqt\Proteus/EWL/lib/armv7e-m\libc.a(exit.o)
 .comment       0x00000000       0x7a C:\fehqt\Proteus/EWL/lib/armv7e-m\libc.a(memcpy.o)
 .comment       0x00000000       0x7a C:\fehqt\Proteus/EWL/lib/armv7e-m\libc.a(memset.o)
 .comment       0x00000000       0x7a C:\fehqt\Proteus/EWL/lib/armv7e-m\libc.a(strcpy.o)
 .comment       0x00000000       0x7a C:\fehqt\Proteus/EWL/lib/armv7e-m\libc.a(strlen.o)
 .comment       0x00000000       0x7a C:\fehqt\Proteus/EWL/lib/armv7e-m\libc.a(printformat_.o)
 .comment       0x00000000       0x7a C:\fehqt\Proteus/EWL/lib/armv7e-m\libc.a(scanformat_.o)
 .comment       0x00000000       0x7a C:\fehqt\Proteus/EWL/lib/armv7e-m\libc.a(ctype_aeabi.o)
 .comment       0x00000000       0x7a C:\fehqt\Proteus/EWL/lib/armv7e-m\libc.a(__strtoul.o)
 .comment       0x00000000       0x7a C:\fehqt\Proteus/EWL/lib/armv7e-m\libc.a(__filll_mem.o)
 .comment       0x00000000       0x7a C:\fehqt\Proteus/EWL/lib/armv7e-m\libc.a(memchr.o)
 .comment       0x00000000       0x7a C:\fehqt\Proteus/EWL/lib/armv7e-m\libc.a(strchr.o)
 .comment       0x00000000       0x7a C:\fehqt\Proteus/EWL/lib/armv7e-m\librt.a(gcc_ctor_dtor.o)
 .comment       0x00000000       0x7a C:\fehqt\Proteus/EWL/lib/armv7e-m\librt.a(ROMCopy.o)
 .comment       0x00000000       0x7a C:\fehqt\Proteus/EWL/lib/armv7e-m\librt.a(__arm_eabi_init.o)

.debug_frame    0x00000000     0x2ee4
 .debug_frame   0x00000000      0x44c ..\main.o
 .debug_frame   0x0000044c       0x98 Startup\__arm_start.o
 .debug_frame   0x000004e4       0x2c Startup\__arm_end.o
 .debug_frame   0x00000510       0x5c Startup\kinetis_sysinit.o
 .debug_frame   0x0000056c       0x94 Libraries\FEHMotor.o
 .debug_frame   0x00000600       0x88 Drivers\i2c.o
 .debug_frame   0x00000688       0xf8 Drivers\spi.o
 .debug_frame   0x00000780       0x84 Drivers\uart.o
 .debug_frame   0x00000804      0x5e8 Drivers\ff.o
 .debug_frame   0x00000dec      0x1e8 Drivers\SDHC.o
 .debug_frame   0x00000fd4       0x2c Drivers\lptmr.o
 .debug_frame   0x00001000       0x4c FEHProteus.o
 .debug_frame   0x0000104c       0xa8 Drivers\FEHPropeller.o
 .debug_frame   0x000010f4       0xf8 Libraries\FEHUtility.o
 .debug_frame   0x000011ec      0x4e8 Libraries\FEHIO.o
 .debug_frame   0x000016d4       0x64 Drivers\adc16.o
 .debug_frame   0x00001738      0x1c8 Libraries\FEHBuzzer.o
 .debug_frame   0x00001900      0x12c Libraries\FEHServo.o
 .debug_frame   0x00001a2c      0x9c0 Libraries\FEHLCD.o
 .debug_frame   0x000023ec       0xd8 Libraries\FEHAccel.o
 .debug_frame   0x000024c4       0x8c Libraries\FEHBattery.o
 .debug_frame   0x00002550       0xfc Drivers\FEHXBee.o
 .debug_frame   0x0000264c      0x210 Libraries\FEHRPS.o
 .debug_frame   0x0000285c       0xf0 Libraries\FEHSD.o
 .debug_frame   0x0000294c       0x20 C:\fehqt\Proteus/EWL/lib/armv7e-m\libm.a(w_atan2.o)
 .debug_frame   0x0000296c       0x20 C:\fehqt\Proteus/EWL/lib/armv7e-m\libm.a(w_sqrtf.o)
 .debug_frame   0x0000298c       0x38 C:\fehqt\Proteus/EWL/lib/armv7e-m\libm.a(e_atan2.o)
 .debug_frame   0x000029c4       0x2c C:\fehqt\Proteus/EWL/lib/armv7e-m\libm.a(e_sqrtf.o)
 .debug_frame   0x000029f0       0x38 C:\fehqt\Proteus/EWL/lib/armv7e-m\libm.a(s_atan.o)
 .debug_frame   0x00002a28       0x34 C:\fehqt\Proteus/EWL/lib/armv7e-m\libc.a(sprintf.o)
 .debug_frame   0x00002a5c       0x4c C:\fehqt\Proteus/EWL/lib/armv7e-m\libc.a(vsnprintf.o)
 .debug_frame   0x00002aa8       0x28 C:\fehqt\Proteus/EWL/lib/armv7e-m\libc.a(exit.o)
 .debug_frame   0x00002ad0       0x28 C:\fehqt\Proteus/EWL/lib/armv7e-m\libc.a(memcpy.o)
 .debug_frame   0x00002af8       0x28 C:\fehqt\Proteus/EWL/lib/armv7e-m\libc.a(memset.o)
 .debug_frame   0x00002b20       0x28 C:\fehqt\Proteus/EWL/lib/armv7e-m\libc.a(strcpy.o)
 .debug_frame   0x00002b48       0x20 C:\fehqt\Proteus/EWL/lib/armv7e-m\libc.a(strlen.o)
 .debug_frame   0x00002b68       0x64 C:\fehqt\Proteus/EWL/lib/armv7e-m\libc.a(printformat_.o)
 .debug_frame   0x00002bcc       0x3c C:\fehqt\Proteus/EWL/lib/armv7e-m\libc.a(scanformat_.o)
 .debug_frame   0x00002c08       0xf0 C:\fehqt\Proteus/EWL/lib/armv7e-m\libc.a(ctype_aeabi.o)
 .debug_frame   0x00002cf8       0x3c C:\fehqt\Proteus/EWL/lib/armv7e-m\libc.a(__strtoul.o)
 .debug_frame   0x00002d34       0x2c C:\fehqt\Proteus/EWL/lib/armv7e-m\libc.a(__filll_mem.o)
 .debug_frame   0x00002d60       0x28 C:\fehqt\Proteus/EWL/lib/armv7e-m\libc.a(memchr.o)
 .debug_frame   0x00002d88       0x20 C:\fehqt\Proteus/EWL/lib/armv7e-m\libc.a(strchr.o)